Archive member included to satisfy reference by file (symbol)

C:/Program Files (x86)/Arm GNU Toolchain arm-none-eabi/13.2 Rel1/bin/../lib/gcc/arm-none-eabi/13.2.1/thumb/v8-m.main+fp/hard\libgcc.a(_aeabi_ldivmod.o)
                              ./ra/fsp/src/r_sci_uart/r_sci_uart.o (__aeabi_ldivmod)
C:/Program Files (x86)/Arm GNU Toolchain arm-none-eabi/13.2 Rel1/bin/../lib/gcc/arm-none-eabi/13.2.1/thumb/v8-m.main+fp/hard\libgcc.a(_udivmoddi4.o)
                              C:/Program Files (x86)/Arm GNU Toolchain arm-none-eabi/13.2 Rel1/bin/../lib/gcc/arm-none-eabi/13.2.1/thumb/v8-m.main+fp/hard\libgcc.a(_aeabi_ldivmod.o) (__udivmoddi4)
C:/Program Files (x86)/Arm GNU Toolchain arm-none-eabi/13.2 Rel1/bin/../lib/gcc/arm-none-eabi/13.2.1/thumb/v8-m.main+fp/hard\libgcc.a(_dvmd_tls.o)
                              C:/Program Files (x86)/Arm GNU Toolchain arm-none-eabi/13.2 Rel1/bin/../lib/gcc/arm-none-eabi/13.2.1/thumb/v8-m.main+fp/hard\libgcc.a(_aeabi_ldivmod.o) (__aeabi_ldiv0)
C:/Program Files (x86)/Arm GNU Toolchain arm-none-eabi/13.2 Rel1/bin/../lib/gcc/arm-none-eabi/13.2.1/thumb/v8-m.main+fp/hard\libg_nano.a(libc_a-exit.o)
                              C:/Program Files (x86)/Arm GNU Toolchain arm-none-eabi/13.2 Rel1/bin/../lib/gcc/arm-none-eabi/13.2.1/thumb/v8-m.main+fp/hard/crt0.o (exit)
C:/Program Files (x86)/Arm GNU Toolchain arm-none-eabi/13.2 Rel1/bin/../lib/gcc/arm-none-eabi/13.2.1/thumb/v8-m.main+fp/hard\libg_nano.a(libc_a-strtol.o)
                              ./src/main_thread_entry.o (strtol)
C:/Program Files (x86)/Arm GNU Toolchain arm-none-eabi/13.2 Rel1/bin/../lib/gcc/arm-none-eabi/13.2.1/thumb/v8-m.main+fp/hard\libg_nano.a(libc_a-ctype_.o)
                              C:/Program Files (x86)/Arm GNU Toolchain arm-none-eabi/13.2 Rel1/bin/../lib/gcc/arm-none-eabi/13.2.1/thumb/v8-m.main+fp/hard\libg_nano.a(libc_a-strtol.o) (_ctype_)
C:/Program Files (x86)/Arm GNU Toolchain arm-none-eabi/13.2 Rel1/bin/../lib/gcc/arm-none-eabi/13.2.1/thumb/v8-m.main+fp/hard\libg_nano.a(libc_a-findfp.o)
                              C:/Program Files (x86)/Arm GNU Toolchain arm-none-eabi/13.2 Rel1/bin/../lib/gcc/arm-none-eabi/13.2.1/thumb/v8-m.main+fp/hard\libg_nano.a(libc_a-exit.o) (__stdio_exit_handler)
C:/Program Files (x86)/Arm GNU Toolchain arm-none-eabi/13.2 Rel1/bin/../lib/gcc/arm-none-eabi/13.2.1/thumb/v8-m.main+fp/hard\libg_nano.a(libc_a-fwalk.o)
                              C:/Program Files (x86)/Arm GNU Toolchain arm-none-eabi/13.2 Rel1/bin/../lib/gcc/arm-none-eabi/13.2.1/thumb/v8-m.main+fp/hard\libg_nano.a(libc_a-findfp.o) (_fwalk_sglue)
C:/Program Files (x86)/Arm GNU Toolchain arm-none-eabi/13.2 Rel1/bin/../lib/gcc/arm-none-eabi/13.2.1/thumb/v8-m.main+fp/hard\libg_nano.a(libc_a-printf.o)
                              ./src/qc-middleware/common_utils/common_utils.o (printf)
C:/Program Files (x86)/Arm GNU Toolchain arm-none-eabi/13.2 Rel1/bin/../lib/gcc/arm-none-eabi/13.2.1/thumb/v8-m.main+fp/hard\libg_nano.a(libc_a-putchar.o)
                              ./src/qc-middleware/common_utils/common_utils.o (putchar)
C:/Program Files (x86)/Arm GNU Toolchain arm-none-eabi/13.2 Rel1/bin/../lib/gcc/arm-none-eabi/13.2.1/thumb/v8-m.main+fp/hard\libg_nano.a(libc_a-snprintf.o)
                              ./src/main_thread_entry.o (snprintf)
C:/Program Files (x86)/Arm GNU Toolchain arm-none-eabi/13.2 Rel1/bin/../lib/gcc/arm-none-eabi/13.2.1/thumb/v8-m.main+fp/hard\libg_nano.a(libc_a-sscanf.o)
                              ./ra/fsp/src/rm_wifi_da16xxx/rm_wifi_da16xxx.o (sscanf)
C:/Program Files (x86)/Arm GNU Toolchain arm-none-eabi/13.2 Rel1/bin/../lib/gcc/arm-none-eabi/13.2.1/thumb/v8-m.main+fp/hard\libg_nano.a(libc_a-stdio.o)
                              C:/Program Files (x86)/Arm GNU Toolchain arm-none-eabi/13.2 Rel1/bin/../lib/gcc/arm-none-eabi/13.2.1/thumb/v8-m.main+fp/hard\libg_nano.a(libc_a-findfp.o) (__sread)
C:/Program Files (x86)/Arm GNU Toolchain arm-none-eabi/13.2 Rel1/bin/../lib/gcc/arm-none-eabi/13.2.1/thumb/v8-m.main+fp/hard\libg_nano.a(libc_a-memset.o)
                              C:/Program Files (x86)/Arm GNU Toolchain arm-none-eabi/13.2 Rel1/bin/../lib/gcc/arm-none-eabi/13.2.1/thumb/v8-m.main+fp/hard/crt0.o (memset)
C:/Program Files (x86)/Arm GNU Toolchain arm-none-eabi/13.2 Rel1/bin/../lib/gcc/arm-none-eabi/13.2.1/thumb/v8-m.main+fp/hard\libg_nano.a(libc_a-strchr.o)
                              ./ra/fsp/src/rm_wifi_da16xxx/rm_wifi_da16xxx.o (strchr)
C:/Program Files (x86)/Arm GNU Toolchain arm-none-eabi/13.2 Rel1/bin/../lib/gcc/arm-none-eabi/13.2.1/thumb/v8-m.main+fp/hard\libg_nano.a(libc_a-strncat.o)
                              ./ra/fsp/src/rm_wifi_da16xxx/rm_wifi_da16xxx.o (strncat)
C:/Program Files (x86)/Arm GNU Toolchain arm-none-eabi/13.2 Rel1/bin/../lib/gcc/arm-none-eabi/13.2.1/thumb/v8-m.main+fp/hard\libg_nano.a(libc_a-strncmp.o)
                              ./ra/fsp/src/rm_wifi_da16xxx/rm_wifi_da16xxx.o (strncmp)
[...]
Memory Configuration

Name             Origin             Length             Attributes
ITCM             0x00000000         0x00000000         xr
DTCM             0x00000000         0x00000000         xrw
FLASH            0x00000000         0x00040000         xr
RAM              0x20000000         0x0000a000         xrw
DATA_FLASH       0x08000000         0x00001000         xr
QSPI_FLASH       0x60000000         0x04000000         xr
OSPI_DEVICE_0    0x80020000         0x00000000         xr
OSPI_DEVICE_1    0x80030000         0x00000000         xr
OSPI_DEVICE_0_RAM 0x80020000         0x00000000         xrw
OSPI_DEVICE_1_RAM 0x80030000         0x00000000         xrw
SDRAM            0x80010000         0x00000000         xrw
OPTION_SETTING   0x0100a100         0x00000100         r
OPTION_SETTING_OFS 0x0100a100         0x00000018         r
OPTION_SETTING_SAS 0x0100a134         0x000000cc         r
OPTION_SETTING_S 0x0100a200         0x00000100         r
ID_CODE          0x0100a120         0x00000010         xr
*default*        0x00000000         0xffffffff

Linker script and memory map

LOAD C:/Program Files (x86)/Arm GNU Toolchain arm-none-eabi/13.2 Rel1/bin/../lib/gcc/arm-none-eabi/13.2.1/thumb/v8-m.main+fp/hard/crti.o
LOAD C:/Program Files (x86)/Arm GNU Toolchain arm-none-eabi/13.2 Rel1/bin/../lib/gcc/arm-none-eabi/13.2.1/thumb/v8-m.main+fp/hard/crtbegin.o
LOAD C:/Program Files (x86)/Arm GNU Toolchain arm-none-eabi/13.2 Rel1/bin/../lib/gcc/arm-none-eabi/13.2.1/thumb/v8-m.main+fp/hard/crt0.o
START GROUP
LOAD ./src/sensor/hs4001_sensor.o
LOAD ./src/sensor/i2c.o
LOAD ./src/sensor/zmod4410_sensor.o
LOAD ./src/qc-middleware/sensor_manager/sm.o
LOAD ./src/qc-middleware/common_utils/common_utils.o
LOAD ./src/qc-middleware/SEGGER_RTT/SEGGER_RTT.o
LOAD ./src/qc-middleware/SEGGER_RTT/SEGGER_RTT_printf.o
LOAD ./src/hal_entry.o
LOAD ./src/main_thread_entry.o
LOAD ./src/sensor_thread_entry.o
LOAD ./ra_gen/common_data.o
LOAD ./ra_gen/hal_data.o
LOAD ./ra_gen/main.o
LOAD ./ra_gen/main_thread.o
LOAD ./ra_gen/pin_data.o
LOAD ./ra_gen/sensor_thread.o
LOAD ./ra_gen/vector_data.o
LOAD ./ra/fsp/src/rm_zmod4xxx/iaq_2nd_gen/rm_zmod4410_iaq_2nd_gen.o
LOAD ./ra/fsp/src/rm_zmod4xxx/rm_zmod4xxx.o
LOAD ./ra/fsp/src/rm_zmod4xxx/rm_zmod4xxx_ra_driver.o
LOAD ./ra/fsp/src/rm_wifi_da16xxx/rm_wifi_api_da16xxx.o
LOAD ./ra/fsp/src/rm_wifi_da16xxx/rm_wifi_da16xxx.o
LOAD ./ra/fsp/src/rm_mqtt_onchip_da16xxx/rm_mqtt_onchip_da16xxx.o
LOAD ./ra/fsp/src/rm_hs400x/rm_hs400x.o
LOAD ./ra/fsp/src/rm_hs400x/rm_hs400x_ra_driver.o
LOAD ./ra/fsp/src/rm_freertos_port/port.o
LOAD ./ra/fsp/src/rm_comms_i2c/rm_comms_i2c.o
LOAD ./ra/fsp/src/rm_comms_i2c/rm_comms_i2c_driver_ra.o
LOAD ./ra/fsp/src/rm_at_transport_da16xxx_uart/rm_at_transport_da16xxx_uart.o
LOAD ./ra/fsp/src/r_sci_uart/r_sci_uart.o
LOAD ./ra/fsp/src/r_sci_i2c/r_sci_i2c.o
LOAD ./ra/fsp/src/r_ioport/r_ioport.o
LOAD ./ra/fsp/src/r_dtc/r_dtc.o
LOAD ./ra/fsp/src/bsp/mcu/all/bsp_clocks.o
LOAD ./ra/fsp/src/bsp/mcu/all/bsp_common.o
LOAD ./ra/fsp/src/bsp/mcu/all/bsp_delay.o
LOAD ./ra/fsp/src/bsp/mcu/all/bsp_group_irq.o
LOAD ./ra/fsp/src/bsp/mcu/all/bsp_guard.o
LOAD ./ra/fsp/src/bsp/mcu/all/bsp_io.o
LOAD ./ra/fsp/src/bsp/mcu/all/bsp_irq.o
LOAD ./ra/fsp/src/bsp/mcu/all/bsp_macl.o
LOAD ./ra/fsp/src/bsp/mcu/all/bsp_register_protection.o
LOAD ./ra/fsp/src/bsp/mcu/all/bsp_rom_registers.o
LOAD ./ra/fsp/src/bsp/mcu/all/bsp_sbrk.o
LOAD ./ra/fsp/src/bsp/mcu/all/bsp_sdram.o
LOAD ./ra/fsp/src/bsp/mcu/all/bsp_security.o
LOAD ./ra/fsp/src/bsp/cmsis/Device/RENESAS/Source/startup.o
LOAD ./ra/fsp/src/bsp/cmsis/Device/RENESAS/Source/system.o
LOAD ./ra/board/ra6e2_bgk/board_init.o
LOAD ./ra/board/ra6e2_bgk/board_leds.o
LOAD ./ra/aws/FreeRTOS/FreeRTOS/Source/event_groups.o
LOAD ./ra/aws/FreeRTOS/FreeRTOS/Source/list.o
LOAD ./ra/aws/FreeRTOS/FreeRTOS/Source/queue.o
LOAD ./ra/aws/FreeRTOS/FreeRTOS/Source/stream_buffer.o
LOAD ./ra/aws/FreeRTOS/FreeRTOS/Source/tasks.o
LOAD ./ra/aws/FreeRTOS/FreeRTOS/Source/timers.o
END GROUP
START GROUP
LOAD C:/Program Files (x86)/Arm GNU Toolchain arm-none-eabi/13.2 Rel1/bin/../lib/gcc/arm-none-eabi/13.2.1/thumb/v8-m.main+fp/hard\libgcc.a
LOAD C:/Program Files (x86)/Arm GNU Toolchain arm-none-eabi/13.2 Rel1/bin/../lib/gcc/arm-none-eabi/13.2.1/thumb/v8-m.main+fp/hard\libg_nano.a
LOAD C:/Program Files (x86)/Arm GNU Toolchain arm-none-eabi/13.2 Rel1/bin/../lib/gcc/arm-none-eabi/13.2.1/thumb/v8-m.main+fp/hard\libc_nano.a
END GROUP
START GROUP
LOAD C:/Program Files (x86)/Arm GNU Toolchain arm-none-eabi/13.2 Rel1/bin/../lib/gcc/arm-none-eabi/13.2.1/thumb/v8-m.main+fp/hard\libgcc.a
LOAD C:/Program Files (x86)/Arm GNU Toolchain arm-none-eabi/13.2 Rel1/bin/../lib/gcc/arm-none-eabi/13.2.1/thumb/v8-m.main+fp/hard\libc_nano.a
END GROUP
LOAD C:/Program Files (x86)/Arm GNU Toolchain arm-none-eabi/13.2 Rel1/bin/../lib/gcc/arm-none-eabi/13.2.1/thumb/v8-m.main+fp/hard/crtend.o
LOAD C:/Program Files (x86)/Arm GNU Toolchain arm-none-eabi/13.2 Rel1/bin/../lib/gcc/arm-none-eabi/13.2.1/thumb/v8-m.main+fp/hard/crtn.o
                0x20000000                        RAM_START = 0x20000000
                0x0000a000                        RAM_LENGTH = 0xa000
                0x00000000                        FLASH_START = 0x0
                0x00040000                        FLASH_LENGTH = 0x40000
                0x08000000                        DATA_FLASH_START = 0x8000000
                0x00001000                        DATA_FLASH_LENGTH = 0x1000
                0x0100a100                        OPTION_SETTING_START = 0x100a100
                0x00000100                        OPTION_SETTING_LENGTH = 0x100
                0x0100a200                        OPTION_SETTING_S_START = 0x100a200
                0x00000100                        OPTION_SETTING_S_LENGTH = 0x100
                0x0100a120                        ID_CODE_START = 0x100a120
                0x00000010                        ID_CODE_LENGTH = 0x10
                0x80010000                        SDRAM_START = 0x80010000
                0x00000000                        SDRAM_LENGTH = 0x0
                0x60000000                        QSPI_FLASH_START = 0x60000000
                0x04000000                        QSPI_FLASH_LENGTH = 0x4000000
                0x80020000                        OSPI_DEVICE_0_START = 0x80020000
                0x00000000                        OSPI_DEVICE_0_LENGTH = 0x0
                0x80030000                        OSPI_DEVICE_1_START = 0x80030000
                0x00000000                        OSPI_DEVICE_1_LENGTH = 0x0
                0x04000000                        QSPI_FLASH_PRV_LENGTH = DEFINED (QSPI_FLASH_SIZE)?ABSOLUTE (QSPI_FLASH_SIZE):ABSOLUTE (QSPI_FLASH_LENGTH)
                0x00000000                        OSPI_DEVICE_0_PRV_LENGTH = DEFINED (OSPI_DEVICE_0_SIZE)?ABSOLUTE (OSPI_DEVICE_0_SIZE):ABSOLUTE (OSPI_DEVICE_0_LENGTH)
                0x00000000                        OSPI_DEVICE_1_PRV_LENGTH = DEFINED (OSPI_DEVICE_1_SIZE)?ABSOLUTE (OSPI_DEVICE_1_SIZE):ABSOLUTE (OSPI_DEVICE_1_LENGTH)
                0x00000000                        __RESERVE_NS_RAM = ((! (DEFINED (PROJECT_NONSECURE)) && DEFINED (RAM_NS_BUFFER_LENGTH)) && (OPTION_SETTING_S_LENGTH != 0x0))
                0x00000000                        ITCM_START = DEFINED (ITCM_START)?ITCM_START:0x0
                0x00000000                        ITCM_LENGTH = DEFINED (ITCM_LENGTH)?ITCM_LENGTH:0x0
                0x00000000                        DTCM_START = DEFINED (DTCM_START)?DTCM_START:0x0
                0x00000000                        DTCM_LENGTH = DEFINED (DTCM_LENGTH)?DTCM_LENGTH:0x0
                0x00000000                        RAM_NS_BUFFER_BLOCK_LENGTH = DEFINED (RAM_NS_BUFFER_LENGTH)?ALIGN (RAM_NS_BUFFER_LENGTH, 0x2000):0x0
                0x00000000                        RAM_NS_BUFFER_LENGTH = DEFINED (RAM_NS_BUFFER_LENGTH)?RAM_NS_BUFFER_LENGTH:0x0
                0x2000a000                        RAM_NS_BUFFER_START = ((RAM_START + RAM_LENGTH) - RAM_NS_BUFFER_LENGTH)
                0x2000a000                        RAM_NS_BUFFER_BLOCK_START = ((RAM_START + RAM_LENGTH) - RAM_NS_BUFFER_BLOCK_LENGTH)
                0x0100a180                        OPTION_SETTING_START_NS = DEFINED (PROJECT_NONSECURE)?OPTION_SETTING_START:(OPTION_SETTING_START + 0x80)
                0x00000001                        __bl_FSP_BOOTABLE_IMAGE = 0x1
                0x00000001                        __bln_FSP_BOOTABLE_IMAGE = 0x1
                0x00000001                        PROJECT_SECURE_OR_FLAT = (((! (DEFINED (PROJECT_NONSECURE)) || DEFINED (PROJECT_SECURE)) && OPTION_SETTING_LENGTH) && ! (DEFINED (FSP_BOOTABLE_IMAGE)))
                0x00000000                        USE_OPTION_SETTING_NS = (DEFINED (PROJECT_NONSECURE) && ! (DEFINED (FSP_BOOTABLE_IMAGE)))
                0x00000000                        __bl_FLASH_IMAGE_START = ! (DEFINED (FLASH_BOOTLOADER_LENGTH))?0x0:(FLASH_APPLICATION_IMAGE_NUMBER == 0x1)?((FLASH_START + FLASH_BOOTLOADER_LENGTH) + FLASH_BOOTLOADER_HEADER_LENGTH):(DEFINED (BOOTLOADER_SECONDARY_USE_QSPI) || DEFINED (BOOTLOADER_SECONDARY_USE_OSPI_B))?(((FLASH_START + FLASH_BOOTLOADER_LENGTH) + FLASH_BOOTLOADER_SCRATCH_LENGTH) + FLASH_BOOTLOADER_HEADER_LENGTH):((((FLASH_START + FLASH_BOOTLOADER_LENGTH) + FLASH_BOOTLOADER_SCRATCH_LENGTH) + FLASH_APPLICATION_S_LENGTH) + FLASH_BOOTLOADER_HEADER_LENGTH)
                0x00000000                        __bl_FLASH_IMAGE_LENGTH = ! (DEFINED (FLASH_BOOTLOADER_LENGTH))?0x0:(FLASH_APPLICATION_S_LENGTH - FLASH_BOOTLOADER_HEADER_LENGTH)
                0x00000000                        __bl_FLASH_IMAGE_END = (__bl_FLASH_IMAGE_START + __bl_FLASH_IMAGE_LENGTH)
                0x00000000                        __bl_XIP_SECONDARY_FLASH_IMAGE_START = ! (DEFINED (FLASH_BOOTLOADER_LENGTH))?0x0:(((FLASH_START + FLASH_BOOTLOADER_LENGTH) + FLASH_APPLICATION_S_LENGTH) + FLASH_BOOTLOADER_HEADER_LENGTH)
                0x00000000                        __bl_XIP_SECONDARY_FLASH_IMAGE_END = (__bl_XIP_SECONDARY_FLASH_IMAGE_START + __bl_FLASH_IMAGE_LENGTH)
                0x00000000                        __bl_FLASH_NS_START = ! (DEFINED (FLASH_BOOTLOADER_LENGTH))?0x0:(FLASH_APPLICATION_NS_LENGTH == 0x0)?__bl_FLASH_IMAGE_END:((__bl_FLASH_IMAGE_START - FLASH_BOOTLOADER_HEADER_LENGTH) + FLASH_APPLICATION_S_LENGTH)
                0x00000000                        __bl_FLASH_NSC_START = ! (DEFINED (FLASH_BOOTLOADER_LENGTH))?0x0:(FLASH_APPLICATION_NS_LENGTH == 0x0)?__bl_FLASH_IMAGE_END:(__bl_FLASH_IMAGE_END - FLASH_APPLICATION_NSC_LENGTH)
                0x00000000                        __bl_RAM_NS_START = ! (DEFINED (FLASH_BOOTLOADER_LENGTH))?0x0:(FLASH_APPLICATION_NS_LENGTH == 0x0)?(RAM_START + RAM_LENGTH):((RAM_START + RAM_LENGTH) - RAM_APPLICATION_NS_LENGTH)
                0x00000000                        __bl_RAM_NSC_START = ! (DEFINED (FLASH_BOOTLOADER_LENGTH))?0x0:(FLASH_APPLICATION_NS_LENGTH == 0x0)?(RAM_START + RAM_LENGTH):(__bl_RAM_NS_START - RAM_APPLICATION_NSC_LENGTH)
                0x00000000                        __bl_FLASH_NS_IMAGE_START = ! (DEFINED (FLASH_BOOTLOADER_LENGTH))?0x0:(FLASH_APPLICATION_NS_LENGTH == 0x0)?__bl_FLASH_IMAGE_END:(__bl_FLASH_NS_START + FLASH_BOOTLOADER_HEADER_LENGTH_2)
                0x00000000                        __bln_FLASH_IMAGE_START = (__bl_FLASH_NS_IMAGE_START | ! (DEFINED (NS_OFFSET_START))?0x0:NS_OFFSET_START)
                0x00000000                        __bln_FLASH_IMAGE_LENGTH = ! (DEFINED (FLASH_BOOTLOADER_LENGTH))?0x0:(FLASH_APPLICATION_NS_LENGTH == 0x0)?__bl_FLASH_IMAGE_END:(FLASH_APPLICATION_NS_LENGTH - FLASH_BOOTLOADER_HEADER_LENGTH_2)
                0x00000000                        XIP_SECONDARY_SLOT_IMAGE = DEFINED (XIP_SECONDARY_SLOT_IMAGE)?XIP_SECONDARY_SLOT_IMAGE:0x0
                0x00000000                        FLASH_ORIGIN = ! (DEFINED (FLASH_IMAGE_START))?FLASH_START:(XIP_SECONDARY_SLOT_IMAGE == 0x1)?XIP_SECONDARY_FLASH_IMAGE_START:FLASH_IMAGE_START
                0x00040000                        LIMITED_FLASH_LENGTH = DEFINED (FLASH_IMAGE_LENGTH)?FLASH_IMAGE_LENGTH:DEFINED (FLASH_BOOTLOADER_LENGTH)?FLASH_BOOTLOADER_LENGTH:FLASH_LENGTH
                0x00000034                        OPTION_SETTING_SAS_SIZE = 0x34
                0x000000cc                        OPTION_SETTING_SAS_LENGTH = ! (DEFINED (OPTION_SETTING_LENGTH))?0x0:(OPTION_SETTING_LENGTH == 0x0)?0x0:(OPTION_SETTING_LENGTH - OPTION_SETTING_SAS_SIZE)
START GROUP
LOAD C:/Program Files (x86)/Arm GNU Toolchain arm-none-eabi/13.2 Rel1/bin/../lib/gcc/arm-none-eabi/13.2.1/thumb/v8-m.main+fp/hard\libgcc.a
LOAD C:/Program Files (x86)/Arm GNU Toolchain arm-none-eabi/13.2 Rel1/bin/../lib/gcc/arm-none-eabi/13.2.1/thumb/v8-m.main+fp/hard\libc.a
LOAD C:/Program Files (x86)/Arm GNU Toolchain arm-none-eabi/13.2 Rel1/bin/../lib/gcc/arm-none-eabi/13.2.1/thumb/v8-m.main+fp/hard\libm.a
END GROUP

.text           0x00000000     0xbdb0
                0x00000000                        __tz_FLASH_S = ABSOLUTE (FLASH_START)
                0x00000000                        __ROM_Start = .
 *(.fixed_vectors*)
 .fixed_vectors
                0x00000000       0x40 ./ra/fsp/src/bsp/cmsis/Device/RENESAS/Source/startup.o
                0x00000000                __Vectors
 *(.application_vectors*)
 .application_vectors
                0x00000040      0x180 ./ra_gen/vector_data.o
                0x00000040                g_vector_table
                0x000001c0                        __Vectors_End = .
 *(.flash_gap*)
                0x000001c0                        . = (OPTION_SETTING_LENGTH > 0x0)?.:(__ROM_Start + 0x400)
 *(.rom_registers*)
 *(.mcuboot_sce9_key*)
 *(.text*)
 .text.deregister_tm_clones
                0x000001c0       0x1c C:/Program Files (x86)/Arm GNU Toolchain arm-none-eabi/13.2 Rel1/bin/../lib/gcc/arm-none-eabi/13.2.1/thumb/v8-m.main+fp/hard/crtbegin.o
 .text.register_tm_clones
                0x000001dc       0x28 C:/Program Files (x86)/Arm GNU Toolchain arm-none-eabi/13.2 Rel1/bin/../lib/gcc/arm-none-eabi/13.2.1/thumb/v8-m.main+fp/hard/crtbegin.o
 .text.__do_global_dtors_aux
                0x00000204       0x28 C:/Program Files (x86)/Arm GNU Toolchain arm-none-eabi/13.2 Rel1/bin/../lib/gcc/arm-none-eabi/13.2.1/thumb/v8-m.main+fp/hard/crtbegin.o
 .text.frame_dummy
                0x0000022c       0x24 C:/Program Files (x86)/Arm GNU Toolchain arm-none-eabi/13.2 Rel1/bin/../lib/gcc/arm-none-eabi/13.2.1/thumb/v8-m.main+fp/hard/crtbegin.o
 .text.i2c_waiting
                0x00000250       0x40 ./src/sensor/hs4001_sensor.o
 .text.hs400x_comms_i2c_callback
                0x00000290       0x10 ./src/sensor/hs4001_sensor.o
                0x00000290                hs400x_comms_i2c_callback
 .text.hs4001_sensor_open
                0x000002a0       0x7c ./src/sensor/hs4001_sensor.o
                0x000002a0                hs4001_sensor_open
 .text.hs4001_sensor_close
                0x0000031c       0x28 ./src/sensor/hs4001_sensor.o
                0x0000031c                hs4001_sensor_close
 .text.hs4001_sensor_read
                0x00000344       0x48 ./src/sensor/hs4001_sensor.o
                0x00000344                hs4001_sensor_read
 .text.hs4001_sensor_get_flag
                0x0000038c       0x14 ./src/sensor/hs4001_sensor.o
                0x0000038c                hs4001_sensor_get_flag
 .text.hs4001_sensor_set_attr
                0x000003a0       0x20 ./src/sensor/hs4001_sensor.o
                0x000003a0                hs4001_sensor_set_attr
 .text.hs4001_sensor_get_attr
                0x000003c0       0x20 ./src/sensor/hs4001_sensor.o
                0x000003c0                hs4001_sensor_get_attr
 .text.hs4001_sensor_fsm
                0x000003e0      0x110 ./src/sensor/hs4001_sensor.o
                0x000003e0                hs4001_sensor_fsm
 .text.i2c_initialize
                0x000004f0       0x2c ./src/sensor/i2c.o
                0x000004f0                i2c_initialize
 .text.zmod4xxx_comms_i2c_callback
                0x0000051c       0x24 ./src/sensor/zmod4410_sensor.o
                0x0000051c                zmod4xxx_comms_i2c_callback
 .text.zmod4410_sensor_reset
                0x00000540       0x3c ./src/sensor/zmod4410_sensor.o
                0x00000540                zmod4410_sensor_reset
 .text.zmod4410_sensor_open
                0x0000057c       0x7c ./src/sensor/zmod4410_sensor.o
                0x0000057c                zmod4410_sensor_open
 .text.zmod4410_sensor_close
                0x000005f8       0x28 ./src/sensor/zmod4410_sensor.o
                0x000005f8                zmod4410_sensor_close
 .text.zmod4410_sensor_read
                0x00000620       0x78 ./src/sensor/zmod4410_sensor.o
                0x00000620                zmod4410_sensor_read
 .text.zmod4410_sensor_get_flag
                0x00000698       0x14 ./src/sensor/zmod4410_sensor.o
                0x00000698                zmod4410_sensor_get_flag
 .text.zmod4410_sensor_set_attr
                0x000006ac       0x24 ./src/sensor/zmod4410_sensor.o
                0x000006ac                zmod4410_sensor_set_attr
 .text.zmod4410_sensor_get_attr
                0x000006d0       0x20 ./src/sensor/zmod4410_sensor.o
                0x000006d0                zmod4410_sensor_get_attr
 .text.zmod4410_sensor_fsm
                0x000006f0      0x270 ./src/sensor/zmod4410_sensor.o
                0x000006f0                zmod4410_sensor_fsm
 .text.hs4001_sensor_reset
                0x00000960        0x4 ./src/qc-middleware/sensor_manager/sm.o
                0x00000960                hs4001_sensor_reset
 .text.sm_init  0x00000964       0xb8 ./src/qc-middleware/sensor_manager/sm.o
                0x00000964                sm_init
 .text.sm_run   0x00000a1c      0x160 ./src/qc-middleware/sensor_manager/sm.o
                0x00000a1c                sm_run
 .text.sm_get_total_sensor_count
                0x00000b7c        0x4 ./src/qc-middleware/sensor_manager/sm.o
                0x00000b7c                sm_get_total_sensor_count
 .text.sm_get_sensor_handle
                0x00000b80       0x64 ./src/qc-middleware/sensor_manager/sm.o
                0x00000b80                sm_get_sensor_handle
 .text.sm_get_sensor_scaling
                0x00000be4       0x3c ./src/qc-middleware/sensor_manager/sm.o
                0x00000be4                sm_get_sensor_scaling
 .text.sm_get_sensor_path_by_handle
                0x00000c20       0x34 ./src/qc-middleware/sensor_manager/sm.o
                0x00000c20                sm_get_sensor_path_by_handle
 .text.sm_set_sensor_attribute
                0x00000c54       0x5c ./src/qc-middleware/sensor_manager/sm.o
                0x00000c54                sm_set_sensor_attribute
 .text.utils_systime_get
                0x00000cb0        0x4 ./src/qc-middleware/common_utils/common_utils.o
                0x00000cb0                utils_systime_get
 .text.utils_set_LED
                0x00000cb4       0x84 ./src/qc-middleware/common_utils/common_utils.o
                0x00000cb4                utils_set_LED
 .text.utils_halt_func
                0x00000d38       0x38 ./src/qc-middleware/common_utils/common_utils.o
                0x00000d38                utils_halt_func
 .text.utils_delay_ms
                0x00000d70        0x4 ./src/qc-middleware/common_utils/common_utils.o
                0x00000d70                utils_delay_ms
 .text._WriteNoCheck
                0x00000d74       0x38 ./src/qc-middleware/SEGGER_RTT/SEGGER_RTT.o
 .text._WriteBlocking
                0x00000dac       0x60 ./src/qc-middleware/SEGGER_RTT/SEGGER_RTT.o
 .text._DoInit  0x00000e0c       0x70 ./src/qc-middleware/SEGGER_RTT/SEGGER_RTT.o
 .text.SEGGER_RTT_WriteNoLock
                0x00000e7c       0x8c ./src/qc-middleware/SEGGER_RTT/SEGGER_RTT.o
                0x00000e7c                SEGGER_RTT_WriteNoLock
 .text.SEGGER_RTT_Write
                0x00000f08       0x34 ./src/qc-middleware/SEGGER_RTT/SEGGER_RTT.o
                0x00000f08                SEGGER_RTT_Write
 .text._StoreChar
                0x00000f3c       0x40 ./src/qc-middleware/SEGGER_RTT/SEGGER_RTT_printf.o
 .text._PrintUnsigned
                0x00000f7c       0xf0 ./src/qc-middleware/SEGGER_RTT/SEGGER_RTT_printf.o
 .text.SEGGER_RTT_vprintf
                0x0000106c      0x390 ./src/qc-middleware/SEGGER_RTT/SEGGER_RTT_printf.o
                0x0000106c                SEGGER_RTT_vprintf
 .text.SEGGER_RTT_printf
                0x000013fc       0x20 ./src/qc-middleware/SEGGER_RTT/SEGGER_RTT_printf.o
                0x000013fc                SEGGER_RTT_printf
 .text.R_BSP_WarmStart
                0x0000141c       0x18 ./src/hal_entry.o
                0x0000141c                R_BSP_WarmStart
 .text.mqtt0_callback
                0x00001434       0x54 ./src/main_thread_entry.o
                0x00001434                mqtt0_callback
 .text.main_thread_entry
                0x00001488      0x438 ./src/main_thread_entry.o
                0x00001488                main_thread_entry
 .text.sensor_thread_entry
                0x000018c0        0xc ./src/sensor_thread_entry.o
                0x000018c0                sensor_thread_entry
 .text.g_common_init
                0x000018cc        0x4 ./ra_gen/common_data.o
                0x000018cc                g_common_init
 .text.g_hal_init
                0x000018d0        0x4 ./ra_gen/hal_data.o
                0x000018d0                g_hal_init
 .text.rtos_startup_err_callback_internal
                0x000018d4        0x4 ./ra_gen/main.o
                0x000018d4                rtos_startup_err_callback
                0x000018d4                rtos_startup_err_callback_internal
 .text.rtos_startup_common_init
                0x000018d8       0x68 ./ra_gen/main.o
                0x000018d8                rtos_startup_common_init
 .text.startup.main
                0x00001940       0x48 ./ra_gen/main.o
                0x00001940                main
 .text.vApplicationGetIdleTaskMemory
                0x00001988       0x1c ./ra_gen/main.o
                0x00001988                vApplicationGetIdleTaskMemory
 .text.vApplicationGetTimerTaskMemory
                0x000019a4       0x1c ./ra_gen/main.o
                0x000019a4                vApplicationGetTimerTaskMemory
 .text.main_thread_func
                0x000019c0       0x14 ./ra_gen/main_thread.o
 .text.main_thread_create
                0x000019d4       0x58 ./ra_gen/main_thread.o
                0x000019d4                main_thread_create
 .text.sensor_thread_func
                0x00001a2c       0x14 ./ra_gen/sensor_thread.o
 .text.sensor_thread_create
                0x00001a40       0x58 ./ra_gen/sensor_thread.o
                0x00001a40                sensor_thread_create
 .text.rm_zmod4410_iaq_2nd_gen_measurement_start
                0x00001a98        0x4 ./ra/fsp/src/rm_zmod4xxx/iaq_2nd_gen/rm_zmod4410_iaq_2nd_gen.o
 .text.rm_zmod4410_iaq_2nd_gen_read
                0x00001a9c        0x4 ./ra/fsp/src/rm_zmod4xxx/iaq_2nd_gen/rm_zmod4410_iaq_2nd_gen.o
 .text.rm_zmod4410_iaq_2nd_gen_temperature_and_humidity_set
                0x00001aa0        0x4 ./ra/fsp/src/rm_zmod4xxx/iaq_2nd_gen/rm_zmod4410_iaq_2nd_gen.o
 .text.rm_zmod4410_iaq_2nd_gen_iaq_1st_gen_data_calculate
                0x00001aa4        0x4 ./ra/fsp/src/rm_zmod4xxx/iaq_2nd_gen/rm_zmod4410_iaq_2nd_gen.o
 .text.rm_zmod4410_iaq_2nd_gen_data_calculate
                0x00001aa8       0x64 ./ra/fsp/src/rm_zmod4xxx/iaq_2nd_gen/rm_zmod4410_iaq_2nd_gen.o
 .text.rm_zmod4410_iaq_2nd_gen_open
                0x00001b0c       0x24 ./ra/fsp/src/rm_zmod4xxx/iaq_2nd_gen/rm_zmod4410_iaq_2nd_gen.o
 .text.rm_zmod4410_iaq_2nd_gen_pbaq_data_calculate
                0x00001b30        0x4 ./ra/fsp/src/rm_zmod4xxx/iaq_2nd_gen/rm_zmod4410_iaq_2nd_gen.o
 .text.rm_zmod4410_iaq_2nd_gen_status_check
                0x00001b34        0x4 ./ra/fsp/src/rm_zmod4xxx/iaq_2nd_gen/rm_zmod4410_iaq_2nd_gen.o
 .text.rm_zmod4410_iaq_2nd_gen_no2_o3_data_calculate
                0x00001b38        0x4 ./ra/fsp/src/rm_zmod4xxx/iaq_2nd_gen/rm_zmod4410_iaq_2nd_gen.o
 .text.rm_zmod4410_iaq_2nd_gen_odor_data_calculate
                0x00001b3c        0x4 ./ra/fsp/src/rm_zmod4xxx/iaq_2nd_gen/rm_zmod4410_iaq_2nd_gen.o
 .text.rm_zmod4410_iaq_2nd_gen_sulfur_odor_data_calculate
                0x00001b40        0x4 ./ra/fsp/src/rm_zmod4xxx/iaq_2nd_gen/rm_zmod4410_iaq_2nd_gen.o
 .text.rm_zmod4410_iaq_2nd_gen_oaq_1st_gen_data_calculate
                0x00001b44        0x4 ./ra/fsp/src/rm_zmod4xxx/iaq_2nd_gen/rm_zmod4410_iaq_2nd_gen.o
 .text.rm_zmod4410_iaq_2nd_gen_oaq_2nd_gen_data_calculate
                0x00001b48        0x4 ./ra/fsp/src/rm_zmod4xxx/iaq_2nd_gen/rm_zmod4410_iaq_2nd_gen.o
 .text.rm_zmod4410_iaq_2nd_gen_raq_data_calculate
                0x00001b4c        0x4 ./ra/fsp/src/rm_zmod4xxx/iaq_2nd_gen/rm_zmod4410_iaq_2nd_gen.o
 .text.rm_zmod4410_iaq_2nd_gen_rel_iaq_data_calculate
                0x00001b50        0x4 ./ra/fsp/src/rm_zmod4xxx/iaq_2nd_gen/rm_zmod4410_iaq_2nd_gen.o
 .text.rm_zmod4410_iaq_2nd_gen_close
                0x00001b54        0x4 ./ra/fsp/src/rm_zmod4xxx/iaq_2nd_gen/rm_zmod4410_iaq_2nd_gen.o
 .text.rm_zmod4410_iaq_2nd_gen_measurement_stop
                0x00001b58        0x4 ./ra/fsp/src/rm_zmod4xxx/iaq_2nd_gen/rm_zmod4410_iaq_2nd_gen.o
 .text.rm_zmod4410_iaq_2nd_gen_device_error_check
                0x00001b5c        0x4 ./ra/fsp/src/rm_zmod4xxx/iaq_2nd_gen/rm_zmod4410_iaq_2nd_gen.o
 .text.RM_ZMOD4XXX_Iaq1stGenDataCalculate
                0x00001b60        0x8 ./ra/fsp/src/rm_zmod4xxx/rm_zmod4xxx.o
                0x00001b60                RM_ZMOD4XXX_Iaq1stGenDataCalculate
 .text.RM_ZMOD4XXX_Iaq2ndGenDataCalculate
                0x00001b68        0x8 ./ra/fsp/src/rm_zmod4xxx/rm_zmod4xxx.o
                0x00001b68                RM_ZMOD4XXX_Iaq2ndGenDataCalculate
 .text.RM_ZMOD4XXX_OdorDataCalculate
                0x00001b70        0x8 ./ra/fsp/src/rm_zmod4xxx/rm_zmod4xxx.o
                0x00001b70                RM_ZMOD4XXX_OdorDataCalculate
 .text.RM_ZMOD4XXX_SulfurOdorDataCalculate
                0x00001b78        0x8 ./ra/fsp/src/rm_zmod4xxx/rm_zmod4xxx.o
                0x00001b78                RM_ZMOD4XXX_SulfurOdorDataCalculate
 .text.RM_ZMOD4XXX_Oaq1stGenDataCalculate
                0x00001b80        0x8 ./ra/fsp/src/rm_zmod4xxx/rm_zmod4xxx.o
                0x00001b80                RM_ZMOD4XXX_Oaq1stGenDataCalculate
 .text.RM_ZMOD4XXX_Oaq2ndGenDataCalculate
                0x00001b88        0x8 ./ra/fsp/src/rm_zmod4xxx/rm_zmod4xxx.o
                0x00001b88                RM_ZMOD4XXX_Oaq2ndGenDataCalculate
 .text.RM_ZMOD4XXX_RaqDataCalculate
                0x00001b90        0x8 ./ra/fsp/src/rm_zmod4xxx/rm_zmod4xxx.o
                0x00001b90                RM_ZMOD4XXX_RaqDataCalculate
 .text.RM_ZMOD4XXX_RelIaqDataCalculate
                0x00001b98        0x8 ./ra/fsp/src/rm_zmod4xxx/rm_zmod4xxx.o
                0x00001b98                RM_ZMOD4XXX_RelIaqDataCalculate
 .text.RM_ZMOD4XXX_PbaqDataCalculate
                0x00001ba0        0x8 ./ra/fsp/src/rm_zmod4xxx/rm_zmod4xxx.o
                0x00001ba0                RM_ZMOD4XXX_PbaqDataCalculate
 .text.RM_ZMOD4XXX_No2O3DataCalculate
                0x00001ba8        0x8 ./ra/fsp/src/rm_zmod4xxx/rm_zmod4xxx.o
                0x00001ba8                RM_ZMOD4XXX_No2O3DataCalculate
 .text.RM_ZMOD4XXX_TemperatureAndHumiditySet
                0x00001bb0       0x10 ./ra/fsp/src/rm_zmod4xxx/rm_zmod4xxx.o
                0x00001bb0                RM_ZMOD4XXX_TemperatureAndHumiditySet
 .text.rm_zmod4xxx_calc_factor
                0x00001bc0       0xb0 ./ra/fsp/src/rm_zmod4xxx/rm_zmod4xxx.o
 .text.rm_zmod4xxx_i2c_write
                0x00001c70       0x88 ./ra/fsp/src/rm_zmod4xxx/rm_zmod4xxx.o
 .text.RM_ZMOD4XXX_MeasurementStop
                0x00001cf8       0x10 ./ra/fsp/src/rm_zmod4xxx/rm_zmod4xxx.o
                0x00001cf8                RM_ZMOD4XXX_MeasurementStop
 .text.RM_ZMOD4XXX_MeasurementStart
                0x00001d08       0x24 ./ra/fsp/src/rm_zmod4xxx/rm_zmod4xxx.o
                0x00001d08                RM_ZMOD4XXX_MeasurementStart
 .text.RM_ZMOD4XXX_Close
                0x00001d2c       0x20 ./ra/fsp/src/rm_zmod4xxx/rm_zmod4xxx.o
                0x00001d2c                RM_ZMOD4XXX_Close
 .text.rm_zmod4xxx_i2c_read.constprop.0
                0x00001d4c       0x98 ./ra/fsp/src/rm_zmod4xxx/rm_zmod4xxx.o
 .text.RM_ZMOD4XXX_Read
                0x00001de4       0x4c ./ra/fsp/src/rm_zmod4xxx/rm_zmod4xxx.o
                0x00001de4                RM_ZMOD4XXX_Read
 .text.RM_ZMOD4XXX_DeviceErrorCheck
                0x00001e30       0x2c ./ra/fsp/src/rm_zmod4xxx/rm_zmod4xxx.o
                0x00001e30                RM_ZMOD4XXX_DeviceErrorCheck
 .text.RM_ZMOD4XXX_Open
                0x00001e5c      0x478 ./ra/fsp/src/rm_zmod4xxx/rm_zmod4xxx.o
                0x00001e5c                RM_ZMOD4XXX_Open
 .text.RM_ZMOD4XXX_StatusCheck
                0x000022d4       0x3c ./ra/fsp/src/rm_zmod4xxx/rm_zmod4xxx.o
                0x000022d4                RM_ZMOD4XXX_StatusCheck
 .text.rm_zmod4xxx_comms_i2c_callback
                0x00002310       0xc4 ./ra/fsp/src/rm_zmod4xxx/rm_zmod4xxx.o
                0x00002310                rm_zmod4xxx_comms_i2c_callback
 .text.rm_zmod4xxx_irq_callback
                0x000023d4       0x30 ./ra/fsp/src/rm_zmod4xxx/rm_zmod4xxx_ra_driver.o
                0x000023d4                rm_zmod4xxx_irq_callback
 .text.rm_zmod4xxx_delay_ms
                0x00002404       0x10 ./ra/fsp/src/rm_zmod4xxx/rm_zmod4xxx_ra_driver.o
                0x00002404                rm_zmod4xxx_delay_ms
 .text.rm_zmod4xxx_irq_open
                0x00002414       0x34 ./ra/fsp/src/rm_zmod4xxx/rm_zmod4xxx_ra_driver.o
                0x00002414                rm_zmod4xxx_irq_open
 .text.rm_zmod4xxx_irq_close
                0x00002448       0x10 ./ra/fsp/src/rm_zmod4xxx/rm_zmod4xxx_ra_driver.o
                0x00002448                rm_zmod4xxx_irq_close
 .text.WIFI_On  0x00002458       0x14 ./ra/fsp/src/rm_wifi_da16xxx/rm_wifi_api_da16xxx.o
                0x00002458                WIFI_On
 .text.WIFI_ConnectAP
                0x0000246c       0x40 ./ra/fsp/src/rm_wifi_da16xxx/rm_wifi_api_da16xxx.o
                0x0000246c                WIFI_ConnectAP
 .text.rm_wifi_da16xxx_open
                0x000024ac      0x16c ./ra/fsp/src/rm_wifi_da16xxx/rm_wifi_da16xxx.o
                0x000024ac                rm_wifi_da16xxx_open
 .text.rm_wifi_da16xxx_connect
                0x00002618      0x358 ./ra/fsp/src/rm_wifi_da16xxx/rm_wifi_da16xxx.o
                0x00002618                rm_wifi_da16xxx_connect
 .text.rm_wifi_da16xxx_callback
                0x00002970      0x194 ./ra/fsp/src/rm_wifi_da16xxx/rm_wifi_da16xxx.o
                0x00002970                rm_wifi_da16xxx_callback
 .text.RM_MQTT_DA16XXX_Open
                0x00002b04      0x450 ./ra/fsp/src/rm_mqtt_onchip_da16xxx/rm_mqtt_onchip_da16xxx.o
                0x00002b04                RM_MQTT_DA16XXX_Open
 .text.RM_MQTT_DA16XXX_Connect
                0x00002f54       0xac ./ra/fsp/src/rm_mqtt_onchip_da16xxx/rm_mqtt_onchip_da16xxx.o
                0x00002f54                RM_MQTT_DA16XXX_Connect
 .text.RM_MQTT_DA16XXX_Publish
                0x00003000       0xc4 ./ra/fsp/src/rm_mqtt_onchip_da16xxx/rm_mqtt_onchip_da16xxx.o
                0x00003000                RM_MQTT_DA16XXX_Publish
 .text.RM_MQTT_DA16XXX_Subscribe
                0x000030c4       0xe8 ./ra/fsp/src/rm_mqtt_onchip_da16xxx/rm_mqtt_onchip_da16xxx.o
                0x000030c4                RM_MQTT_DA16XXX_Subscribe
 .text.RM_MQTT_DA16XXX_Receive
                0x000031ac       0xb8 ./ra/fsp/src/rm_mqtt_onchip_da16xxx/rm_mqtt_onchip_da16xxx.o
                0x000031ac                RM_MQTT_DA16XXX_Receive
 .text.RM_HS400X_Close
                0x00003264       0x14 ./ra/fsp/src/rm_hs400x/rm_hs400x.o
                0x00003264                RM_HS400X_Close
 .text.RM_HS400X_MeasurementStop
                0x00003278        0x4 ./ra/fsp/src/rm_hs400x/rm_hs400x.o
                0x00003278                RM_HS400X_MeasurementStop
 .text.RM_HS400X_DataCalculate
                0x0000327c       0xec ./ra/fsp/src/rm_hs400x/rm_hs400x.o
                0x0000327c                RM_HS400X_DataCalculate
 .text.rm_hs400x_write
                0x00003368       0x5c ./ra/fsp/src/rm_hs400x/rm_hs400x.o
 .text.RM_HS400X_MeasurementStart
                0x000033c4       0x10 ./ra/fsp/src/rm_hs400x/rm_hs400x.o
                0x000033c4                RM_HS400X_MeasurementStart
 .text.rm_hs400x_read
                0x000033d4       0x5c ./ra/fsp/src/rm_hs400x/rm_hs400x.o
 .text.RM_HS400X_Read
                0x00003430       0x10 ./ra/fsp/src/rm_hs400x/rm_hs400x.o
                0x00003430                RM_HS400X_Read
 .text.RM_HS400X_Open
                0x00003440       0xf8 ./ra/fsp/src/rm_hs400x/rm_hs400x.o
                0x00003440                RM_HS400X_Open
 .text.rm_hs400x_comms_i2c_callback
                0x00003538       0x70 ./ra/fsp/src/rm_hs400x/rm_hs400x.o
                0x00003538                rm_hs400x_comms_i2c_callback
 .text.rm_hs400x_delay_ms
                0x000035a8       0x10 ./ra/fsp/src/rm_hs400x/rm_hs400x_ra_driver.o
                0x000035a8                rm_hs400x_delay_ms
 .text.prvTaskExitError
                0x000035b8        0x4 ./ra/fsp/src/rm_freertos_port/port.o
 .text.SVC_Handler
                0x000035bc       0x18 ./ra/fsp/src/rm_freertos_port/port.o
                0x000035bc                SVC_Handler
 .text.PendSV_Handler
                0x000035d4       0x44 ./ra/fsp/src/rm_freertos_port/port.o
                0x000035d4                PendSV_Handler
 .text.rm_freertos_port_restore_task_stackless
                0x00003618       0x24 ./ra/fsp/src/rm_freertos_port/port.o
                0x00003618                rm_freertos_port_restore_task_stackless
 .text.SysTick_Handler
                0x0000363c       0x24 ./ra/fsp/src/rm_freertos_port/port.o
                0x0000363c                SysTick_Handler
 .text.vPortSVCHandler_C
                0x00003660       0x34 ./ra/fsp/src/rm_freertos_port/port.o
                0x00003660                vPortSVCHandler_C
 .text.pxPortInitialiseStack
                0x00003694       0x34 ./ra/fsp/src/rm_freertos_port/port.o
                0x00003694                pxPortInitialiseStack
 .text.vPortEnterCritical
                0x000036c8       0x50 ./ra/fsp/src/rm_freertos_port/port.o
                0x000036c8                vPortEnterCritical
 .text.vPortExitCritical
                0x00003718       0x3c ./ra/fsp/src/rm_freertos_port/port.o
                0x00003718                vPortExitCritical
 .text.rm_freertos_port_sleep_preserving_lpm
                0x00003754       0x6c ./ra/fsp/src/rm_freertos_port/port.o
                0x00003754                rm_freertos_port_sleep_preserving_lpm
 .text.vApplicationIdleHook
                0x000037c0       0x18 ./ra/fsp/src/rm_freertos_port/port.o
                0x000037c0                vApplicationIdleHook
 .text.vPortSetupTimerInterrupt
                0x000037d8       0x44 ./ra/fsp/src/rm_freertos_port/port.o
                0x000037d8                vPortSetupTimerInterrupt
 .text.xPortStartScheduler
                0x0000381c       0x3c ./ra/fsp/src/rm_freertos_port/port.o
                0x0000381c                xPortStartScheduler
 .text.vPortValidateInterruptPriority
                0x00003858       0x5c ./ra/fsp/src/rm_freertos_port/port.o
                0x00003858                vPortValidateInterruptPriority
 .text.RM_COMMS_I2C_Open
                0x000038b4       0x28 ./ra/fsp/src/rm_comms_i2c/rm_comms_i2c.o
                0x000038b4                RM_COMMS_I2C_Open
 .text.RM_COMMS_I2C_Close
                0x000038dc       0x10 ./ra/fsp/src/rm_comms_i2c/rm_comms_i2c.o
                0x000038dc                RM_COMMS_I2C_Close
 .text.RM_COMMS_I2C_Read
                0x000038ec        0x4 ./ra/fsp/src/rm_comms_i2c/rm_comms_i2c.o
                0x000038ec                RM_COMMS_I2C_Read
 .text.RM_COMMS_I2C_Write
                0x000038f0        0x4 ./ra/fsp/src/rm_comms_i2c/rm_comms_i2c.o
                0x000038f0                RM_COMMS_I2C_Write
 .text.RM_COMMS_I2C_WriteRead
                0x000038f4       0x14 ./ra/fsp/src/rm_comms_i2c/rm_comms_i2c.o
                0x000038f4                RM_COMMS_I2C_WriteRead
 .text.rm_comms_i2c_bus_reconfigure
                0x00003908       0x54 ./ra/fsp/src/rm_comms_i2c/rm_comms_i2c_driver_ra.o
 .text.rm_comms_i2c_bus_read
                0x0000395c       0x9c ./ra/fsp/src/rm_comms_i2c/rm_comms_i2c_driver_ra.o
                0x0000395c                rm_comms_i2c_bus_read
 .text.rm_comms_i2c_bus_write
                0x000039f8       0x94 ./ra/fsp/src/rm_comms_i2c/rm_comms_i2c_driver_ra.o
                0x000039f8                rm_comms_i2c_bus_write
 .text.rm_comms_i2c_bus_write_read
                0x00003a8c       0x94 ./ra/fsp/src/rm_comms_i2c/rm_comms_i2c_driver_ra.o
                0x00003a8c                rm_comms_i2c_bus_write_read
 .text.rm_comms_i2c_process_in_callback
                0x00003b20       0x24 ./ra/fsp/src/rm_comms_i2c/rm_comms_i2c_driver_ra.o
                0x00003b20                rm_comms_i2c_process_in_callback
 .text.rm_comms_i2c_callback
                0x00003b44       0x60 ./ra/fsp/src/rm_comms_i2c/rm_comms_i2c_driver_ra.o
                0x00003b44                rm_comms_i2c_callback
 .text.rm_at_transport_da16xxx_statusGet
                0x00003ba4       0x18 ./ra/fsp/src/rm_at_transport_da16xxx_uart/rm_at_transport_da16xxx_uart.o
                0x00003ba4                rm_at_transport_da16xxx_statusGet
 .text.rm_at_transport_da16xxx_cleanup_open
                0x00003bbc       0x98 ./ra/fsp/src/rm_at_transport_da16xxx_uart/rm_at_transport_da16xxx_uart.o
 .text.rm_at_transport_da16xxx_uartClose
                0x00003c54       0x10 ./ra/fsp/src/rm_at_transport_da16xxx_uart/rm_at_transport_da16xxx_uart.o
                0x00003c54                rm_at_transport_da16xxx_uartClose
 .text.rm_at_transport_da16xxx_uart_callback
                0x00003c64       0xb4 ./ra/fsp/src/rm_at_transport_da16xxx_uart/rm_at_transport_da16xxx_uart.o
                0x00003c64                rm_at_transport_da16xxx_uart_callback
 .text.rm_at_transport_da16xxx_uart_atCommandSend
                0x00003d18      0x178 ./ra/fsp/src/rm_at_transport_da16xxx_uart/rm_at_transport_da16xxx_uart.o
                0x00003d18                rm_at_transport_da16xxx_uart_atCommandSend
 .text.rm_at_transport_da16xxx_uartOpen
                0x00003e90      0x368 ./ra/fsp/src/rm_at_transport_da16xxx_uart/rm_at_transport_da16xxx_uart.o
                0x00003e90                rm_at_transport_da16xxx_uartOpen
 .text.rm_at_transport_da16xxx_uart_giveMutex
                0x000041f8       0x54 ./ra/fsp/src/rm_at_transport_da16xxx_uart/rm_at_transport_da16xxx_uart.o
                0x000041f8                rm_at_transport_da16xxx_uart_giveMutex
 .text.rm_at_transport_da16xxx_uart_takeMutex
                0x0000424c       0x64 ./ra/fsp/src/rm_at_transport_da16xxx_uart/rm_at_transport_da16xxx_uart.o
                0x0000424c                rm_at_transport_da16xxx_uart_takeMutex
 .text.rm_at_transport_da16xxx_uart_atCommandSendThreadSafe
                0x000042b0       0x40 ./ra/fsp/src/rm_at_transport_da16xxx_uart/rm_at_transport_da16xxx_uart.o
                0x000042b0                rm_at_transport_da16xxx_uart_atCommandSendThreadSafe
 .text.rm_at_transport_da16xxx_uart_bufferRecv
                0x000042f0       0x90 ./ra/fsp/src/rm_at_transport_da16xxx_uart/rm_at_transport_da16xxx_uart.o
                0x000042f0                rm_at_transport_da16xxx_uart_bufferRecv
 .text.R_SCI_UART_Read
                0x00004380       0x34 ./ra/fsp/src/r_sci_uart/r_sci_uart.o
                0x00004380                R_SCI_UART_Read
 .text.R_SCI_UART_Write
                0x000043b4       0x6c ./ra/fsp/src/r_sci_uart/r_sci_uart.o
                0x000043b4                R_SCI_UART_Write
 .text.R_SCI_UART_CallbackSet
                0x00004420       0x10 ./ra/fsp/src/r_sci_uart/r_sci_uart.o
                0x00004420                R_SCI_UART_CallbackSet
 .text.R_SCI_UART_BaudSet
                0x00004430       0x50 ./ra/fsp/src/r_sci_uart/r_sci_uart.o
                0x00004430                R_SCI_UART_BaudSet
 .text.R_SCI_UART_InfoGet
                0x00004480       0x34 ./ra/fsp/src/r_sci_uart/r_sci_uart.o
                0x00004480                R_SCI_UART_InfoGet
 .text.R_SCI_UART_Abort
                0x000044b4       0x54 ./ra/fsp/src/r_sci_uart/r_sci_uart.o
                0x000044b4                R_SCI_UART_Abort
 .text.R_SCI_UART_ReadStop
                0x00004508       0x40 ./ra/fsp/src/r_sci_uart/r_sci_uart.o
                0x00004508                R_SCI_UART_ReadStop
 .text.R_SCI_UART_Close
                0x00004548       0xd4 ./ra/fsp/src/r_sci_uart/r_sci_uart.o
                0x00004548                R_SCI_UART_Close
 .text.r_sci_uart_call_callback
                0x0000461c       0x44 ./ra/fsp/src/r_sci_uart/r_sci_uart.o
 .text.R_SCI_UART_Open
                0x00004660      0x4a4 ./ra/fsp/src/r_sci_uart/r_sci_uart.o
                0x00004660                R_SCI_UART_Open
 .text.R_SCI_UART_BaudCalculate
                0x00004b04      0x1e4 ./ra/fsp/src/r_sci_uart/r_sci_uart.o
                0x00004b04                R_SCI_UART_BaudCalculate
 .text.sci_uart_txi_isr
                0x00004ce8       0x8c ./ra/fsp/src/r_sci_uart/r_sci_uart.o
                0x00004ce8                sci_uart_txi_isr
 .text.sci_uart_rxi_isr
                0x00004d74      0x160 ./ra/fsp/src/r_sci_uart/r_sci_uart.o
                0x00004d74                sci_uart_rxi_isr
 .text.sci_uart_tei_isr
                0x00004ed4       0x48 ./ra/fsp/src/r_sci_uart/r_sci_uart.o
                0x00004ed4                sci_uart_tei_isr
 .text.sci_uart_eri_isr
                0x00004f1c       0x78 ./ra/fsp/src/r_sci_uart/r_sci_uart.o
                0x00004f1c                sci_uart_eri_isr
 .text.R_SCI_I2C_Abort
                0x00004f94       0x2c ./ra/fsp/src/r_sci_i2c/r_sci_i2c.o
                0x00004f94                R_SCI_I2C_Abort
 .text.R_SCI_I2C_SlaveAddressSet
                0x00004fc0        0xc ./ra/fsp/src/r_sci_i2c/r_sci_i2c.o
                0x00004fc0                R_SCI_I2C_SlaveAddressSet
 .text.R_SCI_I2C_CallbackSet
                0x00004fcc       0x10 ./ra/fsp/src/r_sci_i2c/r_sci_i2c.o
                0x00004fcc                R_SCI_I2C_CallbackSet
 .text.R_SCI_I2C_StatusGet
                0x00004fdc       0x18 ./ra/fsp/src/r_sci_i2c/r_sci_i2c.o
                0x00004fdc                R_SCI_I2C_StatusGet
 .text.R_SCI_I2C_Close
                0x00004ff4       0x5c ./ra/fsp/src/r_sci_i2c/r_sci_i2c.o
                0x00004ff4                R_SCI_I2C_Close
 .text.R_SCI_I2C_Read
                0x00005050       0xa0 ./ra/fsp/src/r_sci_i2c/r_sci_i2c.o
                0x00005050                R_SCI_I2C_Read
 .text.R_SCI_I2C_Write
                0x000050f0       0x9c ./ra/fsp/src/r_sci_i2c/r_sci_i2c.o
                0x000050f0                R_SCI_I2C_Write
 .text.R_SCI_I2C_Open
                0x0000518c      0x174 ./ra/fsp/src/r_sci_i2c/r_sci_i2c.o
                0x0000518c                R_SCI_I2C_Open
 .text.sci_i2c_notify
                0x00005300       0x38 ./ra/fsp/src/r_sci_i2c/r_sci_i2c.o
                0x00005300                sci_i2c_notify
 .text.sci_i2c_txi_isr
                0x00005338      0x14c ./ra/fsp/src/r_sci_i2c/r_sci_i2c.o
                0x00005338                sci_i2c_txi_isr
 .text.sci_i2c_tei_isr
                0x00005484       0xe0 ./ra/fsp/src/r_sci_i2c/r_sci_i2c.o
                0x00005484                sci_i2c_tei_isr
 .text.R_IOPORT_Close
                0x00005564        0xc ./ra/fsp/src/r_ioport/r_ioport.o
                0x00005564                R_IOPORT_Close
 .text.R_IOPORT_PinRead
                0x00005570       0x24 ./ra/fsp/src/r_ioport/r_ioport.o
                0x00005570                R_IOPORT_PinRead
 .text.R_IOPORT_PortRead
                0x00005594       0x14 ./ra/fsp/src/r_ioport/r_ioport.o
                0x00005594                R_IOPORT_PortRead
 .text.R_IOPORT_PortWrite
                0x000055a8       0x1c ./ra/fsp/src/r_ioport/r_ioport.o
                0x000055a8                R_IOPORT_PortWrite
 .text.R_IOPORT_PinWrite
                0x000055c4       0x20 ./ra/fsp/src/r_ioport/r_ioport.o
                0x000055c4                R_IOPORT_PinWrite
 .text.R_IOPORT_PortDirectionSet
                0x000055e4       0x2c ./ra/fsp/src/r_ioport/r_ioport.o
                0x000055e4                R_IOPORT_PortDirectionSet
 .text.R_IOPORT_PortEventInputRead
                0x00005610       0x18 ./ra/fsp/src/r_ioport/r_ioport.o
                0x00005610                R_IOPORT_PortEventInputRead
 .text.R_IOPORT_PinEventInputRead
                0x00005628       0x34 ./ra/fsp/src/r_ioport/r_ioport.o
                0x00005628                R_IOPORT_PinEventInputRead
 .text.R_IOPORT_PortEventOutputWrite
                0x0000565c       0x1c ./ra/fsp/src/r_ioport/r_ioport.o
                0x0000565c                R_IOPORT_PortEventOutputWrite
 .text.R_IOPORT_PinEventOutputWrite
                0x00005678       0x34 ./ra/fsp/src/r_ioport/r_ioport.o
                0x00005678                R_IOPORT_PinEventOutputWrite
 .text.bsp_vbatt_init
                0x000056ac       0x8c ./ra/fsp/src/r_ioport/r_ioport.o
 .text.r_ioport_pins_config
                0x00005738       0xac ./ra/fsp/src/r_ioport/r_ioport.o
 .text.R_IOPORT_Open
                0x000057e4       0x14 ./ra/fsp/src/r_ioport/r_ioport.o
                0x000057e4                R_IOPORT_Open
 .text.R_IOPORT_PinsCfg
                0x000057f8        0xc ./ra/fsp/src/r_ioport/r_ioport.o
                0x000057f8                R_IOPORT_PinsCfg
 .text.R_IOPORT_PinCfg
                0x00005804       0xa8 ./ra/fsp/src/r_ioport/r_ioport.o
                0x00005804                R_IOPORT_PinCfg
 .text.R_DTC_Reset
                0x000058ac       0x8c ./ra/fsp/src/r_dtc/r_dtc.o
                0x000058ac                R_DTC_Reset
 .text.R_DTC_SoftwareStart
                0x00005938        0x4 ./ra/fsp/src/r_dtc/r_dtc.o
                0x00005938                R_DTC_SoftwareStart
 .text.R_DTC_SoftwareStop
                0x0000593c        0x4 ./ra/fsp/src/r_dtc/r_dtc.o
                0x0000593c                R_DTC_SoftwareStop
 .text.R_DTC_Enable
                0x00005940       0x20 ./ra/fsp/src/r_dtc/r_dtc.o
                0x00005940                R_DTC_Enable
 .text.R_DTC_Disable
                0x00005960       0x20 ./ra/fsp/src/r_dtc/r_dtc.o
                0x00005960                R_DTC_Disable
 .text.R_DTC_InfoGet
                0x00005980       0x54 ./ra/fsp/src/r_dtc/r_dtc.o
                0x00005980                R_DTC_InfoGet
 .text.R_DTC_Reload
                0x000059d4        0x4 ./ra/fsp/src/r_dtc/r_dtc.o
                0x000059d4                R_DTC_Reload
 .text.R_DTC_CallbackSet
                0x000059d8        0x4 ./ra/fsp/src/r_dtc/r_dtc.o
                0x000059d8                R_DTC_CallbackSet
 .text.R_DTC_Close
                0x000059dc       0x30 ./ra/fsp/src/r_dtc/r_dtc.o
                0x000059dc                R_DTC_Close
 .text.R_DTC_Reconfigure
                0x00005a0c       0x88 ./ra/fsp/src/r_dtc/r_dtc.o
                0x00005a0c                R_DTC_Reconfigure
 .text.R_DTC_Open
                0x00005a94       0xb4 ./ra/fsp/src/r_dtc/r_dtc.o
                0x00005a94                R_DTC_Open
 .text.SystemCoreClockUpdate
                0x00005b48       0x28 ./ra/fsp/src/bsp/mcu/all/bsp_clocks.o
                0x00005b48                SystemCoreClockUpdate
 .text.R_BSP_SubClockStabilizeWaitAfterReset
                0x00005b70        0x4 ./ra/fsp/src/bsp/mcu/all/bsp_clocks.o
                0x00005b70                R_BSP_SubClockStabilizeWaitAfterReset
 .text.bsp_clock_init
                0x00005b74      0x128 ./ra/fsp/src/bsp/mcu/all/bsp_clocks.o
                0x00005b74                bsp_clock_init
 .text.R_BSP_Init_RTC
                0x00005c9c       0x7c ./ra/fsp/src/bsp/mcu/all/bsp_clocks.o
                0x00005c9c                R_BSP_Init_RTC
 .text.__assert_func
                0x00005d18        0x4 ./ra/fsp/src/bsp/mcu/all/bsp_common.o
                0x00005d18                __assert_func
 .text.bsp_prv_software_delay_loop
                0x00005d1c        0xc ./ra/fsp/src/bsp/mcu/all/bsp_delay.o
                0x00005d1c                bsp_prv_software_delay_loop
 .text.R_BSP_SoftwareDelay
                0x00005d28       0x58 ./ra/fsp/src/bsp/mcu/all/bsp_delay.o
                0x00005d28                R_BSP_SoftwareDelay
 .text.NMI_Handler
                0x00005d80       0x3c ./ra/fsp/src/bsp/mcu/all/bsp_group_irq.o
                0x00005d80                NMI_Handler
 .text.bsp_irq_cfg
                0x00005dbc       0xa4 ./ra/fsp/src/bsp/mcu/all/bsp_irq.o
                0x00005dbc                bsp_irq_cfg
 .text.R_BSP_RegisterProtectEnable
                0x00005e60       0x60 ./ra/fsp/src/bsp/mcu/all/bsp_register_protection.o
                0x00005e60                R_BSP_RegisterProtectEnable
 .text.R_BSP_RegisterProtectDisable
                0x00005ec0       0x54 ./ra/fsp/src/bsp/mcu/all/bsp_register_protection.o
                0x00005ec0                R_BSP_RegisterProtectDisable
 .text._sbrk    0x00005f14       0x40 ./ra/fsp/src/bsp/mcu/all/bsp_sbrk.o
                0x00005f14                _sbrk
 .text.Default_Handler
                0x00005f54        0x4 ./ra/fsp/src/bsp/cmsis/Device/RENESAS/Source/startup.o
                0x00005f54                HardFault_Handler
                0x00005f54                UsageFault_Handler
                0x00005f54                SecureFault_Handler
                0x00005f54                Default_Handler
                0x00005f54                MemManage_Handler
                0x00005f54                BusFault_Handler
                0x00005f54                DebugMon_Handler
 .text.Reset_Handler
                0x00005f58        0xc ./ra/fsp/src/bsp/cmsis/Device/RENESAS/Source/startup.o
                0x00005f58                Reset_Handler
 .text.SystemInit
                0x00005f64       0xe0 ./ra/fsp/src/bsp/cmsis/Device/RENESAS/Source/system.o
                0x00005f64                SystemInit
 .text.bsp_init
                0x00006044        0x4 ./ra/board/ra6e2_bgk/board_init.o
                0x00006044                bsp_init
 .text.vListInitialise
                0x00006048       0x18 ./ra/aws/FreeRTOS/FreeRTOS/Source/list.o
                0x00006048                vListInitialise
 .text.vListInitialiseItem
                0x00006060        0x8 ./ra/aws/FreeRTOS/FreeRTOS/Source/list.o
                0x00006060                vListInitialiseItem
 .text.vListInsert
                0x00006068       0x30 ./ra/aws/FreeRTOS/FreeRTOS/Source/list.o
                0x00006068                vListInsert
 .text.uxListRemove
                0x00006098       0x24 ./ra/aws/FreeRTOS/FreeRTOS/Source/list.o
                0x00006098                uxListRemove
 .text.prvCopyDataToQueue
                0x000060bc       0x78 ./ra/aws/FreeRTOS/FreeRTOS/Source/queue.o
 .text.prvUnlockQueue
                0x00006134       0x8c ./ra/aws/FreeRTOS/FreeRTOS/Source/queue.o
 .text.xQueueGenericReset
                0x000061c0       0xbc ./ra/aws/FreeRTOS/FreeRTOS/Source/queue.o
                0x000061c0                xQueueGenericReset
 .text.xQueueGenericCreateStatic
                0x0000627c       0x80 ./ra/aws/FreeRTOS/FreeRTOS/Source/queue.o
                0x0000627c                xQueueGenericCreateStatic
 .text.xQueueCreateCountingSemaphoreStatic
                0x000062fc       0x78 ./ra/aws/FreeRTOS/FreeRTOS/Source/queue.o
                0x000062fc                xQueueCreateCountingSemaphoreStatic
 .text.xQueueGenericSend
                0x00006374      0x198 ./ra/aws/FreeRTOS/FreeRTOS/Source/queue.o
                0x00006374                xQueueGenericSend
 .text.xQueueCreateMutexStatic
                0x0000650c       0x9c ./ra/aws/FreeRTOS/FreeRTOS/Source/queue.o
                0x0000650c                xQueueCreateMutexStatic
 .text.xQueueGiveMutexRecursive
                0x000065a8       0x48 ./ra/aws/FreeRTOS/FreeRTOS/Source/queue.o
                0x000065a8                xQueueGiveMutexRecursive
 .text.xQueueGiveFromISR
                0x000065f0       0xc4 ./ra/aws/FreeRTOS/FreeRTOS/Source/queue.o
                0x000065f0                xQueueGiveFromISR
 .text.xQueueReceive
                0x000066b4      0x178 ./ra/aws/FreeRTOS/FreeRTOS/Source/queue.o
                0x000066b4                xQueueReceive
 .text.xQueueSemaphoreTake
                0x0000682c      0x1a8 ./ra/aws/FreeRTOS/FreeRTOS/Source/queue.o
                0x0000682c                xQueueSemaphoreTake
 .text.xQueueTakeMutexRecursive
                0x000069d4       0x48 ./ra/aws/FreeRTOS/FreeRTOS/Source/queue.o
                0x000069d4                xQueueTakeMutexRecursive
 .text.uxQueueMessagesWaiting
                0x00006a1c       0x30 ./ra/aws/FreeRTOS/FreeRTOS/Source/queue.o
                0x00006a1c                uxQueueMessagesWaiting
 .text.uxQueueMessagesWaitingFromISR
                0x00006a4c       0x24 ./ra/aws/FreeRTOS/FreeRTOS/Source/queue.o
                0x00006a4c                uxQueueMessagesWaitingFromISR
 .text.vQueueDelete
                0x00006a70       0x4c ./ra/aws/FreeRTOS/FreeRTOS/Source/queue.o
                0x00006a70                vQueueDelete
 .text.vQueueAddToRegistry
                0x00006abc       0x64 ./ra/aws/FreeRTOS/FreeRTOS/Source/queue.o
                0x00006abc                vQueueAddToRegistry
 .text.vQueueWaitForMessageRestricted
                0x00006b20       0x50 ./ra/aws/FreeRTOS/FreeRTOS/Source/queue.o
                0x00006b20                vQueueWaitForMessageRestricted
 .text.prvWriteBytesToBuffer
                0x00006b70       0x90 ./ra/aws/FreeRTOS/FreeRTOS/Source/stream_buffer.o
 .text.prvWriteMessageToBuffer
                0x00006c00       0x50 ./ra/aws/FreeRTOS/FreeRTOS/Source/stream_buffer.o
 .text.prvReadBytesFromBuffer
                0x00006c50       0x78 ./ra/aws/FreeRTOS/FreeRTOS/Source/stream_buffer.o
 .text.prvReadMessageFromBuffer
                0x00006cc8       0x54 ./ra/aws/FreeRTOS/FreeRTOS/Source/stream_buffer.o
 .text.prvInitialiseNewStreamBuffer.part.0
                0x00006d1c       0x1c ./ra/aws/FreeRTOS/FreeRTOS/Source/stream_buffer.o
 .text.xStreamBufferGenericCreateStatic
                0x00006d38       0xcc ./ra/aws/FreeRTOS/FreeRTOS/Source/stream_buffer.o
                0x00006d38                xStreamBufferGenericCreateStatic
 .text.vStreamBufferDelete
                0x00006e04       0x4c ./ra/aws/FreeRTOS/FreeRTOS/Source/stream_buffer.o
                0x00006e04                vStreamBufferDelete
 .text.xStreamBufferReset
                0x00006e50       0x7c ./ra/aws/FreeRTOS/FreeRTOS/Source/stream_buffer.o
                0x00006e50                xStreamBufferReset
 .text.xStreamBufferSetTriggerLevel
                0x00006ecc       0x34 ./ra/aws/FreeRTOS/FreeRTOS/Source/stream_buffer.o
                0x00006ecc                xStreamBufferSetTriggerLevel
 .text.xStreamBufferSpacesAvailable
                0x00006f00       0x3c ./ra/aws/FreeRTOS/FreeRTOS/Source/stream_buffer.o
                0x00006f00                xStreamBufferSpacesAvailable
 .text.xStreamBufferSendFromISR
                0x00006f3c       0xac ./ra/aws/FreeRTOS/FreeRTOS/Source/stream_buffer.o
                0x00006f3c                xStreamBufferSendFromISR
 .text.xStreamBufferReceive
                0x00006fe8       0xfc ./ra/aws/FreeRTOS/FreeRTOS/Source/stream_buffer.o
                0x00006fe8                xStreamBufferReceive
 .text.prvAddCurrentTaskToDelayedList
                0x000070e4       0xa4 ./ra/aws/FreeRTOS/FreeRTOS/Source/tasks.o
 .text.prvIdleTask
                0x00007188       0x64 ./ra/aws/FreeRTOS/FreeRTOS/Source/tasks.o
 .text.xTaskIncrementTick.part.0
                0x000071ec      0x1b8 ./ra/aws/FreeRTOS/FreeRTOS/Source/tasks.o
 .text.xTaskCreateStatic
                0x000073a4      0x21c ./ra/aws/FreeRTOS/FreeRTOS/Source/tasks.o
                0x000073a4                xTaskCreateStatic
 .text.vTaskResume
                0x000075c0       0xc0 ./ra/aws/FreeRTOS/FreeRTOS/Source/tasks.o
                0x000075c0                vTaskResume
 .text.vTaskStartScheduler
                0x00007680       0x94 ./ra/aws/FreeRTOS/FreeRTOS/Source/tasks.o
                0x00007680                vTaskStartScheduler
 .text.vTaskSuspendAll
                0x00007714       0x10 ./ra/aws/FreeRTOS/FreeRTOS/Source/tasks.o
                0x00007714                vTaskSuspendAll
 .text.xTaskResumeAll
                0x00007724      0x1d0 ./ra/aws/FreeRTOS/FreeRTOS/Source/tasks.o
                0x00007724                xTaskResumeAll
 .text.vTaskDelay
                0x000078f4       0x50 ./ra/aws/FreeRTOS/FreeRTOS/Source/tasks.o
                0x000078f4                vTaskDelay
 .text.xTaskGetTickCount
                0x00007944        0xc ./ra/aws/FreeRTOS/FreeRTOS/Source/tasks.o
                0x00007944                xTaskGetTickCount
 .text.uxTaskGetNumberOfTasks
                0x00007950        0xc ./ra/aws/FreeRTOS/FreeRTOS/Source/tasks.o
                0x00007950                uxTaskGetNumberOfTasks
 .text.xTaskIncrementTick
                0x0000795c       0x20 ./ra/aws/FreeRTOS/FreeRTOS/Source/tasks.o
                0x0000795c                xTaskIncrementTick
 .text.vTaskSwitchContext
                0x0000797c       0x90 ./ra/aws/FreeRTOS/FreeRTOS/Source/tasks.o
                0x0000797c                vTaskSwitchContext
 .text.vTaskPlaceOnEventList
                0x00007a0c       0x3c ./ra/aws/FreeRTOS/FreeRTOS/Source/tasks.o
                0x00007a0c                vTaskPlaceOnEventList
 .text.vTaskPlaceOnEventListRestricted
                0x00007a48       0x64 ./ra/aws/FreeRTOS/FreeRTOS/Source/tasks.o
                0x00007a48                vTaskPlaceOnEventListRestricted
 .text.xTaskRemoveFromEventList
                0x00007aac       0xf0 ./ra/aws/FreeRTOS/FreeRTOS/Source/tasks.o
                0x00007aac                xTaskRemoveFromEventList
 .text.vTaskInternalSetTimeOutState
                0x00007b9c       0x18 ./ra/aws/FreeRTOS/FreeRTOS/Source/tasks.o
                0x00007b9c                vTaskInternalSetTimeOutState
 .text.xTaskCheckForTimeOut
                0x00007bb4       0x90 ./ra/aws/FreeRTOS/FreeRTOS/Source/tasks.o
                0x00007bb4                xTaskCheckForTimeOut
 .text.vTaskMissedYield
                0x00007c44        0xc ./ra/aws/FreeRTOS/FreeRTOS/Source/tasks.o
                0x00007c44                vTaskMissedYield
 .text.xTaskGetCurrentTaskHandle
                0x00007c50        0xc ./ra/aws/FreeRTOS/FreeRTOS/Source/tasks.o
                0x00007c50                xTaskGetCurrentTaskHandle
 .text.xTaskGetSchedulerState
                0x00007c5c       0x20 ./ra/aws/FreeRTOS/FreeRTOS/Source/tasks.o
                0x00007c5c                xTaskGetSchedulerState
 .text.xTaskPriorityInherit
                0x00007c7c       0x9c ./ra/aws/FreeRTOS/FreeRTOS/Source/tasks.o
                0x00007c7c                xTaskPriorityInherit
 .text.xTaskPriorityDisinherit
                0x00007d18       0xac ./ra/aws/FreeRTOS/FreeRTOS/Source/tasks.o
                0x00007d18                xTaskPriorityDisinherit
 .text.vTaskPriorityDisinheritAfterTimeout
                0x00007dc4       0xc0 ./ra/aws/FreeRTOS/FreeRTOS/Source/tasks.o
                0x00007dc4                vTaskPriorityDisinheritAfterTimeout
 .text.pvTaskIncrementMutexHeldCount
                0x00007e84       0x18 ./ra/aws/FreeRTOS/FreeRTOS/Source/tasks.o
                0x00007e84                pvTaskIncrementMutexHeldCount
 .text.xTaskGenericNotifyWait
                0x00007e9c       0xa8 ./ra/aws/FreeRTOS/FreeRTOS/Source/tasks.o
                0x00007e9c                xTaskGenericNotifyWait
 .text.xTaskGenericNotify
                0x00007f44      0x144 ./ra/aws/FreeRTOS/FreeRTOS/Source/tasks.o
                0x00007f44                xTaskGenericNotify
 .text.xTaskGenericNotifyFromISR
                0x00008088      0x17c ./ra/aws/FreeRTOS/FreeRTOS/Source/tasks.o
                0x00008088                xTaskGenericNotifyFromISR
 .text.xTaskGenericNotifyStateClear
                0x00008204       0x4c ./ra/aws/FreeRTOS/FreeRTOS/Source/tasks.o
                0x00008204                xTaskGenericNotifyStateClear
 .text.prvCheckForValidListAndQueue
                0x00008250       0x6c ./ra/aws/FreeRTOS/FreeRTOS/Source/timers.o
 .text.prvProcessExpiredTimer
                0x000082bc       0x90 ./ra/aws/FreeRTOS/FreeRTOS/Source/timers.o
 .text.prvTimerTask
                0x0000834c      0x238 ./ra/aws/FreeRTOS/FreeRTOS/Source/timers.o
 .text.xTimerCreateTimerTask
                0x00008584       0x6c ./ra/aws/FreeRTOS/FreeRTOS/Source/timers.o
                0x00008584                xTimerCreateTimerTask
 .text          0x000085f0       0xa0 C:/Program Files (x86)/Arm GNU Toolchain arm-none-eabi/13.2 Rel1/bin/../lib/gcc/arm-none-eabi/13.2.1/thumb/v8-m.main+fp/hard\libgcc.a(_aeabi_ldivmod.o)
                0x000085f0                __aeabi_ldivmod
 .text.__udivmoddi4
                0x00008690      0x300 C:/Program Files (x86)/Arm GNU Toolchain arm-none-eabi/13.2 Rel1/bin/../lib/gcc/arm-none-eabi/13.2.1/thumb/v8-m.main+fp/hard\libgcc.a(_udivmoddi4.o)
                0x00008690                __udivmoddi4
 .text          0x00008990        0x4 C:/Program Files (x86)/Arm GNU Toolchain arm-none-eabi/13.2 Rel1/bin/../lib/gcc/arm-none-eabi/13.2.1/thumb/v8-m.main+fp/hard\libgcc.a(_dvmd_tls.o)
                0x00008990                __aeabi_idiv0
                0x00008990                __aeabi_ldiv0
 .text._strtol_l.isra.0
                0x00008994       0xf4 C:/Program Files (x86)/Arm GNU Toolchain arm-none-eabi/13.2 Rel1/bin/../lib/gcc/arm-none-eabi/13.2.1/thumb/v8-m.main+fp/hard\libg_nano.a(libc_a-strtol.o)
 .text._strtol_r
                0x00008a88        0x4 C:/Program Files (x86)/Arm GNU Toolchain arm-none-eabi/13.2 Rel1/bin/../lib/gcc/arm-none-eabi/13.2.1/thumb/v8-m.main+fp/hard\libg_nano.a(libc_a-strtol.o)
                0x00008a88                _strtol_r
 .text.strtol   0x00008a8c       0x14 C:/Program Files (x86)/Arm GNU Toolchain arm-none-eabi/13.2 Rel1/bin/../lib/gcc/arm-none-eabi/13.2.1/thumb/v8-m.main+fp/hard\libg_nano.a(libc_a-strtol.o)
                0x00008a8c                strtol
 .text.snprintf
                0x00008aa0       0x68 C:/Program Files (x86)/Arm GNU Toolchain arm-none-eabi/13.2 Rel1/bin/../lib/gcc/arm-none-eabi/13.2.1/thumb/v8-m.main+fp/hard\libg_nano.a(libc_a-snprintf.o)
                0x00008aa0                sniprintf
                0x00008aa0                snprintf
 .text.sscanf   0x00008b08       0x54 C:/Program Files (x86)/Arm GNU Toolchain arm-none-eabi/13.2 Rel1/bin/../lib/gcc/arm-none-eabi/13.2.1/thumb/v8-m.main+fp/hard\libg_nano.a(libc_a-sscanf.o)
                0x00008b08                siscanf
                0x00008b08                sscanf
 .text.__seofread
                0x00008b5c        0x4 C:/Program Files (x86)/Arm GNU Toolchain arm-none-eabi/13.2 Rel1/bin/../lib/gcc/arm-none-eabi/13.2.1/thumb/v8-m.main+fp/hard\libg_nano.a(libc_a-stdio.o)
                0x00008b5c                __seofread
 .text.memset   0x00008b60       0x10 C:/Program Files (x86)/Arm GNU Toolchain arm-none-eabi/13.2 Rel1/bin/../lib/gcc/arm-none-eabi/13.2.1/thumb/v8-m.main+fp/hard\libg_nano.a(libc_a-memset.o)
                0x00008b60                memset
 .text.strchr   0x00008b70       0x1a C:/Program Files (x86)/Arm GNU Toolchain arm-none-eabi/13.2 Rel1/bin/../lib/gcc/arm-none-eabi/13.2.1/thumb/v8-m.main+fp/hard\libg_nano.a(libc_a-strchr.o)
                0x00008b70                strchr
 .text.strncat  0x00008b8a       0x26 C:/Program Files (x86)/Arm GNU Toolchain arm-none-eabi/13.2 Rel1/bin/../lib/gcc/arm-none-eabi/13.2.1/thumb/v8-m.main+fp/hard\libg_nano.a(libc_a-strncat.o)
                0x00008b8a                strncat
 .text.strncmp  0x00008bb0       0x24 C:/Program Files (x86)/Arm GNU Toolchain arm-none-eabi/13.2 Rel1/bin/../lib/gcc/arm-none-eabi/13.2.1/thumb/v8-m.main+fp/hard\libg_nano.a(libc_a-strncmp.o)
                0x00008bb0                strncmp
 .text.strncpy  0x00008bd4       0x26 C:/Program Files (x86)/Arm GNU Toolchain arm-none-eabi/13.2 Rel1/bin/../lib/gcc/arm-none-eabi/13.2.1/thumb/v8-m.main+fp/hard\libg_nano.a(libc_a-strncpy.o)
                0x00008bd4                strncpy
 *fill*         0x00008bfa        0x2 ff
 .text.strtok   0x00008bfc       0x68 C:/Program Files (x86)/Arm GNU Toolchain arm-none-eabi/13.2 Rel1/bin/../lib/gcc/arm-none-eabi/13.2.1/thumb/v8-m.main+fp/hard\libg_nano.a(libc_a-strtok.o)
                0x00008bfc                strtok
 .text.__strtok_r
                0x00008c64       0x50 C:/Program Files (x86)/Arm GNU Toolchain arm-none-eabi/13.2 Rel1/bin/../lib/gcc/arm-none-eabi/13.2.1/thumb/v8-m.main+fp/hard\libg_nano.a(libc_a-strtok_r.o)
                0x00008c64                __strtok_r
 .text.strstr   0x00008cb4       0x2c C:/Program Files (x86)/Arm GNU Toolchain arm-none-eabi/13.2 Rel1/bin/../lib/gcc/arm-none-eabi/13.2.1/thumb/v8-m.main+fp/hard\libg_nano.a(libc_a-strstr.o)
                0x00008cb4                strstr
 .text.__errno  0x00008ce0        0xc C:/Program Files (x86)/Arm GNU Toolchain arm-none-eabi/13.2 Rel1/bin/../lib/gcc/arm-none-eabi/13.2.1/thumb/v8-m.main+fp/hard\libg_nano.a(libc_a-errno.o)
                0x00008ce0                __errno
 .text.__retarget_lock_acquire_recursive
                0x00008cec        0x2 C:/Program Files (x86)/Arm GNU Toolchain arm-none-eabi/13.2 Rel1/bin/../lib/gcc/arm-none-eabi/13.2.1/thumb/v8-m.main+fp/hard\libg_nano.a(libc_a-lock.o)
                0x00008cec                __retarget_lock_acquire_recursive
 .text.__retarget_lock_release_recursive
                0x00008cee        0x2 C:/Program Files (x86)/Arm GNU Toolchain arm-none-eabi/13.2 Rel1/bin/../lib/gcc/arm-none-eabi/13.2.1/thumb/v8-m.main+fp/hard\libg_nano.a(libc_a-lock.o)
                0x00008cee                __retarget_lock_release_recursive
 .text.memcpy   0x00008cf0       0x1a C:/Program Files (x86)/Arm GNU Toolchain arm-none-eabi/13.2 Rel1/bin/../lib/gcc/arm-none-eabi/13.2.1/thumb/v8-m.main+fp/hard\libg_nano.a(libc_a-memcpy-stub.o)
                0x00008cf0                memcpy
 .text          0x00008d0a       0x10 C:/Program Files (x86)/Arm GNU Toolchain arm-none-eabi/13.2 Rel1/bin/../lib/gcc/arm-none-eabi/13.2.1/thumb/v8-m.main+fp/hard\libg_nano.a(libc_a-strlen.o)
                0x00008d0a                strlen
 *fill*         0x00008d1a        0x2 ff
 .text._free_r  0x00008d1c       0x94 C:/Program Files (x86)/Arm GNU Toolchain arm-none-eabi/13.2 Rel1/bin/../lib/gcc/arm-none-eabi/13.2.1/thumb/v8-m.main+fp/hard\libg_nano.a(libc_a-freer.o)
                0x00008d1c                _free_r
 .text.malloc   0x00008db0       0x10 C:/Program Files (x86)/Arm GNU Toolchain arm-none-eabi/13.2 Rel1/bin/../lib/gcc/arm-none-eabi/13.2.1/thumb/v8-m.main+fp/hard\libg_nano.a(libc_a-malloc.o)
                0x00008db0                malloc
 .text.sbrk_aligned
                0x00008dc0       0x44 C:/Program Files (x86)/Arm GNU Toolchain arm-none-eabi/13.2 Rel1/bin/../lib/gcc/arm-none-eabi/13.2.1/thumb/v8-m.main+fp/hard\libg_nano.a(libc_a-mallocr.o)
 .text._malloc_r
                0x00008e04      0x100 C:/Program Files (x86)/Arm GNU Toolchain arm-none-eabi/13.2 Rel1/bin/../lib/gcc/arm-none-eabi/13.2.1/thumb/v8-m.main+fp/hard\libg_nano.a(libc_a-mallocr.o)
                0x00008e04                _malloc_r
 .text.__malloc_lock
                0x00008f04        0xc C:/Program Files (x86)/Arm GNU Toolchain arm-none-eabi/13.2 Rel1/bin/../lib/gcc/arm-none-eabi/13.2.1/thumb/v8-m.main+fp/hard\libg_nano.a(libc_a-mlock.o)
                0x00008f04                __malloc_lock
 .text.__malloc_unlock
                0x00008f10        0xc C:/Program Files (x86)/Arm GNU Toolchain arm-none-eabi/13.2 Rel1/bin/../lib/gcc/arm-none-eabi/13.2.1/thumb/v8-m.main+fp/hard\libg_nano.a(libc_a-mlock.o)
                0x00008f10                __malloc_unlock
 .text.__ssputs_r
                0x00008f1c       0xb6 C:/Program Files (x86)/Arm GNU Toolchain arm-none-eabi/13.2 Rel1/bin/../lib/gcc/arm-none-eabi/13.2.1/thumb/v8-m.main+fp/hard\libg_nano.a(libc_a-nano-svfprintf.o)
                0x00008f1c                __ssputs_r
 *fill*         0x00008fd2        0x2 ff
 .text._svfprintf_r
                0x00008fd4      0x1f8 C:/Program Files (x86)/Arm GNU Toolchain arm-none-eabi/13.2 Rel1/bin/../lib/gcc/arm-none-eabi/13.2.1/thumb/v8-m.main+fp/hard\libg_nano.a(libc_a-nano-svfprintf.o)
                0x00008fd4                _svfiprintf_r
                0x00008fd4                _svfprintf_r
 .text._sungetc_r
                0x000091cc       0x7a C:/Program Files (x86)/Arm GNU Toolchain arm-none-eabi/13.2 Rel1/bin/../lib/gcc/arm-none-eabi/13.2.1/thumb/v8-m.main+fp/hard\libg_nano.a(libc_a-nano-svfscanf.o)
                0x000091cc                _sungetc_r
 .text.__ssrefill_r
                0x00009246       0x3a C:/Program Files (x86)/Arm GNU Toolchain arm-none-eabi/13.2 Rel1/bin/../lib/gcc/arm-none-eabi/13.2.1/thumb/v8-m.main+fp/hard\libg_nano.a(libc_a-nano-svfscanf.o)
                0x00009246                __ssrefill_r
 .text.__ssvfscanf_r
                0x00009280      0x2ec C:/Program Files (x86)/Arm GNU Toolchain arm-none-eabi/13.2 Rel1/bin/../lib/gcc/arm-none-eabi/13.2.1/thumb/v8-m.main+fp/hard\libg_nano.a(libc_a-nano-svfscanf.o)
                0x00009280                __ssvfiscanf_r
                0x00009280                __ssvfscanf_r
 .text._printf_common
                0x0000956c       0xe4 C:/Program Files (x86)/Arm GNU Toolchain arm-none-eabi/13.2 Rel1/bin/../lib/gcc/arm-none-eabi/13.2.1/thumb/v8-m.main+fp/hard\libg_nano.a(libc_a-nano-vfprintf_i.o)
                0x0000956c                _printf_common
 .text._printf_i
                0x00009650      0x23c C:/Program Files (x86)/Arm GNU Toolchain arm-none-eabi/13.2 Rel1/bin/../lib/gcc/arm-none-eabi/13.2.1/thumb/v8-m.main+fp/hard\libg_nano.a(libc_a-nano-vfprintf_i.o)
                0x00009650                _printf_i
 .text._scanf_chars
                0x0000988c       0xb4 C:/Program Files (x86)/Arm GNU Toolchain arm-none-eabi/13.2 Rel1/bin/../lib/gcc/arm-none-eabi/13.2.1/thumb/v8-m.main+fp/hard\libg_nano.a(libc_a-nano-vfscanf_i.o)
                0x0000988c                _scanf_chars
 .text._scanf_i
                0x00009940      0x1e4 C:/Program Files (x86)/Arm GNU Toolchain arm-none-eabi/13.2 Rel1/bin/../lib/gcc/arm-none-eabi/13.2.1/thumb/v8-m.main+fp/hard\libg_nano.a(libc_a-nano-vfscanf_i.o)
                0x00009940                _scanf_i
 .text.__sccl   0x00009b24       0x72 C:/Program Files (x86)/Arm GNU Toolchain arm-none-eabi/13.2 Rel1/bin/../lib/gcc/arm-none-eabi/13.2.1/thumb/v8-m.main+fp/hard\libg_nano.a(libc_a-sccl.o)
                0x00009b24                __sccl
 .text.__submore
                0x00009b96       0x6e C:/Program Files (x86)/Arm GNU Toolchain arm-none-eabi/13.2 Rel1/bin/../lib/gcc/arm-none-eabi/13.2.1/thumb/v8-m.main+fp/hard\libg_nano.a(libc_a-ungetc.o)
                0x00009b96                __submore
 .text.memmove  0x00009c04       0x34 C:/Program Files (x86)/Arm GNU Toolchain arm-none-eabi/13.2 Rel1/bin/../lib/gcc/arm-none-eabi/13.2.1/thumb/v8-m.main+fp/hard\libg_nano.a(libc_a-memmove.o)
                0x00009c04                memmove
 .text._sbrk_r  0x00009c38       0x20 C:/Program Files (x86)/Arm GNU Toolchain arm-none-eabi/13.2 Rel1/bin/../lib/gcc/arm-none-eabi/13.2.1/thumb/v8-m.main+fp/hard\libg_nano.a(libc_a-sbrkr.o)
                0x00009c38                _sbrk_r
 .text.memchr   0x00009c58       0x1c C:/Program Files (x86)/Arm GNU Toolchain arm-none-eabi/13.2 Rel1/bin/../lib/gcc/arm-none-eabi/13.2.1/thumb/v8-m.main+fp/hard\libg_nano.a(libc_a-memchr-stub.o)
                0x00009c58                memchr
 .text._realloc_r
                0x00009c74       0x5c C:/Program Files (x86)/Arm GNU Toolchain arm-none-eabi/13.2 Rel1/bin/../lib/gcc/arm-none-eabi/13.2.1/thumb/v8-m.main+fp/hard\libg_nano.a(libc_a-reallocr.o)
                0x00009c74                _realloc_r
 .text._strtoul_l.isra.0
                0x00009cd0       0xdc C:/Program Files (x86)/Arm GNU Toolchain arm-none-eabi/13.2 Rel1/bin/../lib/gcc/arm-none-eabi/13.2.1/thumb/v8-m.main+fp/hard\libg_nano.a(libc_a-strtoul.o)
 .text._strtoul_r
                0x00009dac        0x4 C:/Program Files (x86)/Arm GNU Toolchain arm-none-eabi/13.2 Rel1/bin/../lib/gcc/arm-none-eabi/13.2.1/thumb/v8-m.main+fp/hard\libg_nano.a(libc_a-strtoul.o)
                0x00009dac                _strtoul_r
 .text._malloc_usable_size_r
                0x00009db0       0x10 C:/Program Files (x86)/Arm GNU Toolchain arm-none-eabi/13.2 Rel1/bin/../lib/gcc/arm-none-eabi/13.2.1/thumb/v8-m.main+fp/hard\libg_nano.a(libc_a-msizer.o)
                0x00009db0                _malloc_usable_size_r
 *(.version)
 .version       0x00009dc0       0x50 ./ra/fsp/src/bsp/mcu/all/bsp_common.o
 *(.init)
 .init          0x00009e10        0x4 C:/Program Files (x86)/Arm GNU Toolchain arm-none-eabi/13.2 Rel1/bin/../lib/gcc/arm-none-eabi/13.2.1/thumb/v8-m.main+fp/hard/crti.o
                0x00009e10                _init
 .init          0x00009e14        0x8 C:/Program Files (x86)/Arm GNU Toolchain arm-none-eabi/13.2 Rel1/bin/../lib/gcc/arm-none-eabi/13.2.1/thumb/v8-m.main+fp/hard/crtn.o
 *(.fini)
 .fini          0x00009e1c        0x4 C:/Program Files (x86)/Arm GNU Toolchain arm-none-eabi/13.2 Rel1/bin/../lib/gcc/arm-none-eabi/13.2.1/thumb/v8-m.main+fp/hard/crti.o
                0x00009e1c                _fini
 .fini          0x00009e20        0x8 C:/Program Files (x86)/Arm GNU Toolchain arm-none-eabi/13.2 Rel1/bin/../lib/gcc/arm-none-eabi/13.2.1/thumb/v8-m.main+fp/hard/crtn.o
 *crtbegin.o(.ctors)
 *crtbegin?.o(.ctors)
 *(EXCLUDE_FILE(*crtend.o *crtend?.o) .ctors)
 *(SORT_BY_NAME(.ctors.*))
 *(.ctors)
 *crtbegin.o(.dtors)
 *crtbegin?.o(.dtors)
 *(EXCLUDE_FILE(*crtend.o *crtend?.o) .dtors)
 *(SORT_BY_NAME(.dtors.*))
 *(.dtors)
 *(.rodata*)
 .rodata.str1.4
                0x00009e28     0x1084 ./src/qc-middleware/sensor_manager/sm.o
                                 0x71 (size before relaxing)
 .rodata.driver_path
                0x0000aeac       0x18 ./src/qc-middleware/sensor_manager/sm.o
 .rodata.sensor_const_properties
                0x0000aec4       0x60 ./src/qc-middleware/sensor_manager/sm.o
 .rodata.driver
                0x0000af24        0x8 ./src/qc-middleware/sensor_manager/sm.o
 .rodata._DoInit.str1.4
                0x0000af2c        0x9 ./src/qc-middleware/SEGGER_RTT/SEGGER_RTT.o
 .rodata._aInitStr.0
                0x0000af2c       0x11 ./src/qc-middleware/SEGGER_RTT/SEGGER_RTT.o
 *fill*         0x0000af3d        0x3 ff
 .rodata._aV2C.0
                0x0000af40       0x10 ./src/qc-middleware/SEGGER_RTT/SEGGER_RTT_printf.o
 .rodata.mqtt0_callback.str1.4
                0x0000af50       0x47 ./src/main_thread_entry.o
 .rodata.main_thread_entry.str1.4
                0x0000af50      0x2b3 ./src/main_thread_entry.o
 .rodata.net_params
                0x0000af50       0x45 ./src/main_thread_entry.o
 *fill*         0x0000af95        0x3 ff
 .rodata        0x0000af98        0xc ./src/main_thread_entry.o
 .rodata.g_ioport
                0x0000afa4        0xc ./ra_gen/common_data.o
                0x0000afa4                g_ioport
 .rodata.g_i2c0
                0x0000afb0        0xc ./ra_gen/common_data.o
                0x0000afb0                g_i2c0
 .rodata.g_i2c0_cfg
                0x0000afbc       0x28 ./ra_gen/common_data.o
                0x0000afbc                g_i2c0_cfg
 .rodata.g_i2c0_cfg_extend
                0x0000afe4        0x6 ./ra_gen/common_data.o
                0x0000afe4                g_i2c0_cfg_extend
 .rodata.str1.4
                0x0000afea       0x1b ./ra_gen/common_data.o
 *fill*         0x0000afea        0x2 ff
 .rodata.g_wifi_da16xxx_cfg
                0x0000afec       0x1c ./ra_gen/common_data.o
                0x0000afec                g_wifi_da16xxx_cfg
 .rodata.g_at_transport_da16xxx
                0x0000b008        0xc ./ra_gen/common_data.o
                0x0000b008                g_at_transport_da16xxx
 .rodata.g_at_transport_da16xxx_cfg_extend
                0x0000b014       0x10 ./ra_gen/common_data.o
                0x0000b014                g_at_transport_da16xxx_cfg_extend
 .rodata.g_uart0
                0x0000b024        0xc ./ra_gen/common_data.o
                0x0000b024                g_uart0
 .rodata.g_uart0_cfg
                0x0000b030       0x20 ./ra_gen/common_data.o
                0x0000b030                g_uart0_cfg
 .rodata.g_uart0_cfg_extend
                0x0000b050       0x14 ./ra_gen/common_data.o
                0x0000b050                g_uart0_cfg_extend
 .rodata.g_transfer0
                0x0000b064        0xc ./ra_gen/common_data.o
                0x0000b064                g_transfer0
 .rodata.g_transfer0_cfg
                0x0000b070        0x8 ./ra_gen/common_data.o
                0x0000b070                g_transfer0_cfg
 .rodata.g_transfer0_cfg_extend
                0x0000b078        0x1 ./ra_gen/common_data.o
                0x0000b078                g_transfer0_cfg_extend
 .rodata.main_thread_create.str1.4
                0x0000b079        0x5 ./ra_gen/main_thread.o
 *fill*         0x0000b079        0x3 ff
 .rodata.main_thread_parameters
                0x0000b07c        0x4 ./ra_gen/main_thread.o
                0x0000b07c                main_thread_parameters
 .rodata.str1.4
                0x0000b080       0x77 ./ra_gen/main_thread.o
 .rodata.g_mqtt_onchip_da16xxx_cfg
                0x0000b080       0x90 ./ra_gen/main_thread.o
                0x0000b080                g_mqtt_onchip_da16xxx_cfg
 .rodata.g_bsp_pin_cfg
                0x0000b110        0xc ./ra_gen/pin_data.o
                0x0000b110                g_bsp_pin_cfg
 .rodata.g_bsp_pin_cfg_data
                0x0000b11c      0x130 ./ra_gen/pin_data.o
                0x0000b11c                g_bsp_pin_cfg_data
 .rodata.sensor_thread_create.str1.4
                0x0000b24c        0x7 ./ra_gen/sensor_thread.o
 .rodata.sensor_thread_parameters
                0x0000b24c        0x4 ./ra_gen/sensor_thread.o
                0x0000b24c                sensor_thread_parameters
 .rodata.g_hs400x_sensor0
                0x0000b250        0xc ./ra_gen/sensor_thread.o
                0x0000b250                g_hs400x_sensor0
 .rodata.g_hs400x_sensor0_cfg
                0x0000b25c       0x14 ./ra_gen/sensor_thread.o
                0x0000b25c                g_hs400x_sensor0_cfg
 .rodata.g_comms_i2c_device0
                0x0000b270        0xc ./ra_gen/sensor_thread.o
                0x0000b270                g_comms_i2c_device0
 .rodata.g_comms_i2c_device0_cfg
                0x0000b27c       0x14 ./ra_gen/sensor_thread.o
                0x0000b27c                g_comms_i2c_device0_cfg
 .rodata.g_comms_i2c_device0_lower_level_cfg
                0x0000b290       0x28 ./ra_gen/sensor_thread.o
                0x0000b290                g_comms_i2c_device0_lower_level_cfg
 .rodata.g_zmod4xxx_sensor0
                0x0000b2b8        0xc ./ra_gen/sensor_thread.o
                0x0000b2b8                g_zmod4xxx_sensor0
 .rodata.g_zmod4xxx_sensor0_cfg
                0x0000b2c4       0x18 ./ra_gen/sensor_thread.o
                0x0000b2c4                g_zmod4xxx_sensor0_cfg
 .rodata.g_comms_i2c_device1
                0x0000b2dc        0xc ./ra_gen/sensor_thread.o
                0x0000b2dc                g_comms_i2c_device1
 .rodata.g_comms_i2c_device1_cfg
                0x0000b2e8       0x14 ./ra_gen/sensor_thread.o
                0x0000b2e8                g_comms_i2c_device1_cfg
 .rodata.g_comms_i2c_device1_lower_level_cfg
                0x0000b2fc       0x28 ./ra_gen/sensor_thread.o
                0x0000b2fc                g_comms_i2c_device1_lower_level_cfg
 .rodata.g_interrupt_event_link_select
                0x0000b324       0xc0 ./ra_gen/vector_data.o
                0x0000b324                g_interrupt_event_link_select
 .rodata.g_zmod4xxx_on_zmod4410_iaq_2nd_gen
                0x0000b3e4       0x48 ./ra/fsp/src/rm_zmod4xxx/iaq_2nd_gen/rm_zmod4410_iaq_2nd_gen.o
                0x0000b3e4                g_zmod4xxx_on_zmod4410_iaq_2nd_gen
 .rodata.g_zmod4xxx_on_zmod4xxx
                0x0000b42c       0x48 ./ra/fsp/src/rm_zmod4xxx/rm_zmod4xxx.o
                0x0000b42c                g_zmod4xxx_on_zmod4xxx
 .rodata.rm_wifi_da16xxx_open.str1.4
                0x0000b474       0x3c ./ra/fsp/src/rm_wifi_da16xxx/rm_wifi_da16xxx.o
 .rodata.rm_wifi_da16xxx_connect.str1.4
                0x0000b474       0x80 ./ra/fsp/src/rm_wifi_da16xxx/rm_wifi_da16xxx.o
 .rodata.RM_MQTT_DA16XXX_Open.str1.4
                0x0000b474      0x122 ./ra/fsp/src/rm_mqtt_onchip_da16xxx/rm_mqtt_onchip_da16xxx.o
 .rodata.RM_MQTT_DA16XXX_Connect.str1.4
                0x0000b474       0x29 ./ra/fsp/src/rm_mqtt_onchip_da16xxx/rm_mqtt_onchip_da16xxx.o
 .rodata.RM_MQTT_DA16XXX_Publish.str1.4
                0x0000b474       0x22 ./ra/fsp/src/rm_mqtt_onchip_da16xxx/rm_mqtt_onchip_da16xxx.o
 .rodata.RM_MQTT_DA16XXX_Subscribe.str1.4
                0x0000b474        0xd ./ra/fsp/src/rm_mqtt_onchip_da16xxx/rm_mqtt_onchip_da16xxx.o
 .rodata.RM_MQTT_DA16XXX_Receive.str1.4
                0x0000b474        0xc ./ra/fsp/src/rm_mqtt_onchip_da16xxx/rm_mqtt_onchip_da16xxx.o
 .rodata.g_hs400x_on_hs400x
                0x0000b474       0x18 ./ra/fsp/src/rm_hs400x/rm_hs400x.o
                0x0000b474                g_hs400x_on_hs400x
 .rodata.vPortSVCHandler_C.str1.4
                0x0000b48c       0x3a ./ra/fsp/src/rm_freertos_port/port.o
 .rodata.vPortEnterCritical.str1.4
                0x0000b48c       0x46 ./ra/fsp/src/rm_freertos_port/port.o
 .rodata.vPortExitCritical.str1.4
                0x0000b48c       0x12 ./ra/fsp/src/rm_freertos_port/port.o
 .rodata.vPortValidateInterruptPriority.str1.4
                0x0000b48c       0x64 ./ra/fsp/src/rm_freertos_port/port.o
 .rodata.__func__.0
                0x0000b48c       0x1f ./ra/fsp/src/rm_freertos_port/port.o
 *fill*         0x0000b4ab        0x1 ff
 .rodata.__func__.1
                0x0000b4ac       0x12 ./ra/fsp/src/rm_freertos_port/port.o
 *fill*         0x0000b4be        0x2 ff
 .rodata.__func__.2
                0x0000b4c0       0x13 ./ra/fsp/src/rm_freertos_port/port.o
 *fill*         0x0000b4d3        0x1 ff
 .rodata.__func__.3
                0x0000b4d4       0x12 ./ra/fsp/src/rm_freertos_port/port.o
 *fill*         0x0000b4e6        0x2 ff
 .rodata.g_comms_on_comms_i2c
                0x0000b4e8       0x18 ./ra/fsp/src/rm_comms_i2c/rm_comms_i2c.o
                0x0000b4e8                g_comms_on_comms_i2c
 .rodata.rm_at_transport_da16xxx_uart_atCommandSend.str1.4
                0x0000b500        0xd ./ra/fsp/src/rm_at_transport_da16xxx_uart/rm_at_transport_da16xxx_uart.o
 .rodata.rm_at_transport_da16xxx_uartOpen.str1.4
                0x0000b500       0x16 ./ra/fsp/src/rm_at_transport_da16xxx_uart/rm_at_transport_da16xxx_uart.o
 .rodata.CSWTCH.28
                0x0000b500      0x18c ./ra/fsp/src/rm_at_transport_da16xxx_uart/rm_at_transport_da16xxx_uart.o
 .rodata.g_at_transport_da16xxx_on_uart
                0x0000b68c       0x20 ./ra/fsp/src/rm_at_transport_da16xxx_uart/rm_at_transport_da16xxx_uart.o
                0x0000b68c                g_at_transport_da16xxx_on_uart
 .rodata        0x0000b6ac       0x10 ./ra/fsp/src/rm_at_transport_da16xxx_uart/rm_at_transport_da16xxx_uart.o
 .rodata.g_uart_on_sci
                0x0000b6bc       0x24 ./ra/fsp/src/r_sci_uart/r_sci_uart.o
                0x0000b6bc                g_uart_on_sci
 .rodata.g_div_coefficient
                0x0000b6e0       0x1a ./ra/fsp/src/r_sci_uart/r_sci_uart.o
 *fill*         0x0000b6fa        0x2 ff
 .rodata.g_async_baud
                0x0000b6fc        0xd ./ra/fsp/src/r_sci_uart/r_sci_uart.o
 *fill*         0x0000b709        0x3 ff
 .rodata.g_i2c_master_on_sci
                0x0000b70c       0x20 ./ra/fsp/src/r_sci_i2c/r_sci_i2c.o
                0x0000b70c                g_i2c_master_on_sci
 .rodata.g_vbatt_pins_input
                0x0000b72c        0x6 ./ra/fsp/src/r_ioport/r_ioport.o
 *fill*         0x0000b732        0x2 ff
 .rodata.g_ioport_on_ioport
                0x0000b734       0x34 ./ra/fsp/src/r_ioport/r_ioport.o
                0x0000b734                g_ioport_on_ioport
 .rodata.g_transfer_on_dtc
                0x0000b768       0x2c ./ra/fsp/src/r_dtc/r_dtc.o
                0x0000b768                g_transfer_on_dtc
 .rodata.g_prcr_masks
                0x0000b794        0x8 ./ra/fsp/src/bsp/mcu/all/bsp_register_protection.o
 .rodata.vQueueUnregisterQueue.part.0.str1.4
                0x0000b79c       0x33 ./ra/aws/FreeRTOS/FreeRTOS/Source/queue.o
 .rodata.xQueueGenericReset.str1.4
                0x0000b79c       0x2c ./ra/aws/FreeRTOS/FreeRTOS/Source/queue.o
 .rodata.xQueueGenericCreateStatic.str1.4
                0x0000b79c       0x37 ./ra/aws/FreeRTOS/FreeRTOS/Source/queue.o
 .rodata.xQueueCreateCountingSemaphoreStatic.str1.4
                0x0000b79c        0x8 ./ra/aws/FreeRTOS/FreeRTOS/Source/queue.o
 .rodata.xQueueGenericSend.str1.4
                0x0000b79c       0xfb ./ra/aws/FreeRTOS/FreeRTOS/Source/queue.o
 .rodata.xQueueGiveMutexRecursive.str1.4
                0x0000b79c        0x8 ./ra/aws/FreeRTOS/FreeRTOS/Source/queue.o
 .rodata.xQueueGenericSendFromISR.str1.4
                0x0000b79c       0x22 ./ra/aws/FreeRTOS/FreeRTOS/Source/queue.o
 .rodata.xQueueGiveFromISR.str1.4
                0x0000b79c       0x7d ./ra/aws/FreeRTOS/FreeRTOS/Source/queue.o
 .rodata.xQueueReceive.str1.4
                0x0000b79c       0x66 ./ra/aws/FreeRTOS/FreeRTOS/Source/queue.o
 .rodata.__func__.2
                0x0000b79c       0x14 ./ra/aws/FreeRTOS/FreeRTOS/Source/queue.o
 .rodata.__func__.5
                0x0000b7b0        0xd ./ra/aws/FreeRTOS/FreeRTOS/Source/queue.o
 *fill*         0x0000b7bd        0x3 ff
 .rodata.__func__.6
                0x0000b7c0       0x1e ./ra/aws/FreeRTOS/FreeRTOS/Source/queue.o
 *fill*         0x0000b7de        0x2 ff
 .rodata.__func__.8
                0x0000b7e0       0x17 ./ra/aws/FreeRTOS/FreeRTOS/Source/queue.o
 *fill*         0x0000b7f7        0x1 ff
 .rodata.__func__.12
                0x0000b7f8       0x14 ./ra/aws/FreeRTOS/FreeRTOS/Source/queue.o
 .rodata.__func__.13
                0x0000b80c        0xe ./ra/aws/FreeRTOS/FreeRTOS/Source/queue.o
 *fill*         0x0000b81a        0x2 ff
 .rodata.__func__.14
                0x0000b81c       0x12 ./ra/aws/FreeRTOS/FreeRTOS/Source/queue.o
 *fill*         0x0000b82e        0x2 ff
 .rodata.__func__.16
                0x0000b830       0x12 ./ra/aws/FreeRTOS/FreeRTOS/Source/queue.o
 *fill*         0x0000b842        0x2 ff
 .rodata.__func__.17
                0x0000b844       0x24 ./ra/aws/FreeRTOS/FreeRTOS/Source/queue.o
 .rodata.__func__.18
                0x0000b868       0x19 ./ra/aws/FreeRTOS/FreeRTOS/Source/queue.o
 *fill*         0x0000b881        0x3 ff
 .rodata.__func__.19
                0x0000b884       0x19 ./ra/aws/FreeRTOS/FreeRTOS/Source/queue.o
 *fill*         0x0000b89d        0x3 ff
 .rodata.__func__.21
                0x0000b8a0       0x1a ./ra/aws/FreeRTOS/FreeRTOS/Source/queue.o
 *fill*         0x0000b8ba        0x2 ff
 .rodata.__func__.22
                0x0000b8bc       0x13 ./ra/aws/FreeRTOS/FreeRTOS/Source/queue.o
 .rodata.prvWriteBytesToBuffer.str1.4
                0x0000b8cf       0xb5 ./ra/aws/FreeRTOS/FreeRTOS/Source/stream_buffer.o
 .rodata.prvReadBytesFromBuffer.str1.4
                0x0000b8cf       0x4c ./ra/aws/FreeRTOS/FreeRTOS/Source/stream_buffer.o
 .rodata.prvInitialiseNewStreamBuffer.part.0.str1.4
                0x0000b8cf       0x45 ./ra/aws/FreeRTOS/FreeRTOS/Source/stream_buffer.o
 .rodata.xStreamBufferGenericCreateStatic.str1.4
                0x0000b8cf       0xa6 ./ra/aws/FreeRTOS/FreeRTOS/Source/stream_buffer.o
 .rodata.xStreamBufferGetStaticBuffers.str1.4
                0x0000b8cf       0x42 ./ra/aws/FreeRTOS/FreeRTOS/Source/stream_buffer.o
 .rodata.vStreamBufferDelete.str1.4
                0x0000b8cf       0x2d ./ra/aws/FreeRTOS/FreeRTOS/Source/stream_buffer.o
 .rodata.xStreamBufferSend.str1.4
                0x0000b8cf       0x62 ./ra/aws/FreeRTOS/FreeRTOS/Source/stream_buffer.o
 .rodata.xStreamBufferReceive.str1.4
                0x0000b8cf       0x41 ./ra/aws/FreeRTOS/FreeRTOS/Source/stream_buffer.o
 *fill*         0x0000b8cf        0x1 ff
 .rodata.__func__.6
                0x0000b8d0       0x17 ./ra/aws/FreeRTOS/FreeRTOS/Source/stream_buffer.o
 *fill*         0x0000b8e7        0x1 ff
 .rodata.__func__.7
                0x0000b8e8       0x15 ./ra/aws/FreeRTOS/FreeRTOS/Source/stream_buffer.o
 *fill*         0x0000b8fd        0x3 ff
 .rodata.__func__.8
                0x0000b900       0x19 ./ra/aws/FreeRTOS/FreeRTOS/Source/stream_buffer.o
 *fill*         0x0000b919        0x3 ff
 .rodata.__func__.9
                0x0000b91c       0x16 ./ra/aws/FreeRTOS/FreeRTOS/Source/stream_buffer.o
 *fill*         0x0000b932        0x2 ff
 .rodata.__func__.13
                0x0000b934       0x1d ./ra/aws/FreeRTOS/FreeRTOS/Source/stream_buffer.o
 *fill*         0x0000b951        0x3 ff
 .rodata.__func__.14
                0x0000b954       0x1d ./ra/aws/FreeRTOS/FreeRTOS/Source/stream_buffer.o
 *fill*         0x0000b971        0x3 ff
 .rodata.__func__.15
                0x0000b974       0x13 ./ra/aws/FreeRTOS/FreeRTOS/Source/stream_buffer.o
 *fill*         0x0000b987        0x1 ff
 .rodata.__func__.16
                0x0000b988       0x14 ./ra/aws/FreeRTOS/FreeRTOS/Source/stream_buffer.o
 .rodata.__func__.18
                0x0000b99c       0x1d ./ra/aws/FreeRTOS/FreeRTOS/Source/stream_buffer.o
 *fill*         0x0000b9b9        0x3 ff
 .rodata.__func__.19
                0x0000b9bc       0x21 ./ra/aws/FreeRTOS/FreeRTOS/Source/stream_buffer.o
 .rodata.prvTaskIsTaskSuspended.part.0.str1.4
                0x0000b9dd       0x33 ./ra/aws/FreeRTOS/FreeRTOS/Source/tasks.o
 .rodata.xTaskIncrementTick.part.0.str1.4
                0x0000b9dd       0x76 ./ra/aws/FreeRTOS/FreeRTOS/Source/tasks.o
 .rodata.xTaskCreateStatic.str1.4
                0x0000b9dd       0x69 ./ra/aws/FreeRTOS/FreeRTOS/Source/tasks.o
 .rodata.vTaskDelete.str1.4
                0x0000b9dd       0x2b ./ra/aws/FreeRTOS/FreeRTOS/Source/tasks.o
 .rodata.vTaskResume.str1.4
                0x0000b9dd        0xe ./ra/aws/FreeRTOS/FreeRTOS/Source/tasks.o
 .rodata.vTaskStartScheduler.str1.4
                0x0000b9dd       0x1a ./ra/aws/FreeRTOS/FreeRTOS/Source/tasks.o
 .rodata.xTaskResumeAll.str1.4
                0x0000b9dd       0x2b ./ra/aws/FreeRTOS/FreeRTOS/Source/tasks.o
 .rodata.vTaskSwitchContext.str1.4
                0x0000b9dd        0xe ./ra/aws/FreeRTOS/FreeRTOS/Source/tasks.o
 .rodata.vTaskPlaceOnEventList.str1.4
                0x0000b9dd        0xc ./ra/aws/FreeRTOS/FreeRTOS/Source/tasks.o
 .rodata.xTaskRemoveFromEventList.str1.4
                0x0000b9dd        0xf ./ra/aws/FreeRTOS/FreeRTOS/Source/tasks.o
 .rodata.vTaskSetTimeOutState.str1.4
                0x0000b9dd        0xa ./ra/aws/FreeRTOS/FreeRTOS/Source/tasks.o
 .rodata.xTaskCheckForTimeOut.str1.4
                0x0000b9dd        0xe ./ra/aws/FreeRTOS/FreeRTOS/Source/tasks.o
 .rodata.xTaskPriorityDisinherit.str1.4
                0x0000b9dd       0x2d ./ra/aws/FreeRTOS/FreeRTOS/Source/tasks.o
 .rodata.vTaskPriorityDisinheritAfterTimeout.str1.4
                0x0000b9dd       0x16 ./ra/aws/FreeRTOS/FreeRTOS/Source/tasks.o
 .rodata.ulTaskGenericNotifyTake.str1.4
                0x0000b9dd       0x14 ./ra/aws/FreeRTOS/FreeRTOS/Source/tasks.o
 .rodata.xTaskGenericNotify.str1.4
                0x0000b9dd       0x87 ./ra/aws/FreeRTOS/FreeRTOS/Source/tasks.o
 .rodata.xTaskGenericNotifyStateClear.str1.4
                0x0000b9dd       0x15 ./ra/aws/FreeRTOS/FreeRTOS/Source/tasks.o
 *fill*         0x0000b9dd        0x3 ff
 .rodata.__func__.1
                0x0000b9e0       0x1d ./ra/aws/FreeRTOS/FreeRTOS/Source/tasks.o
 *fill*         0x0000b9fd        0x3 ff
 .rodata.__func__.3
                0x0000ba00       0x1a ./ra/aws/FreeRTOS/FreeRTOS/Source/tasks.o
 *fill*         0x0000ba1a        0x2 ff
 .rodata.__func__.4
                0x0000ba1c       0x13 ./ra/aws/FreeRTOS/FreeRTOS/Source/tasks.o
 *fill*         0x0000ba2f        0x1 ff
 .rodata.__func__.5
                0x0000ba30       0x17 ./ra/aws/FreeRTOS/FreeRTOS/Source/tasks.o
 *fill*         0x0000ba47        0x1 ff
 .rodata.__func__.7
                0x0000ba48       0x24 ./ra/aws/FreeRTOS/FreeRTOS/Source/tasks.o
 .rodata.__func__.8
                0x0000ba6c       0x18 ./ra/aws/FreeRTOS/FreeRTOS/Source/tasks.o
 .rodata.__func__.10
                0x0000ba84       0x15 ./ra/aws/FreeRTOS/FreeRTOS/Source/tasks.o
 *fill*         0x0000ba99        0x3 ff
 .rodata.__func__.13
                0x0000ba9c       0x19 ./ra/aws/FreeRTOS/FreeRTOS/Source/tasks.o
 *fill*         0x0000bab5        0x3 ff
 .rodata.__func__.14
                0x0000bab8       0x20 ./ra/aws/FreeRTOS/FreeRTOS/Source/tasks.o
 .rodata.__func__.16
                0x0000bad8       0x16 ./ra/aws/FreeRTOS/FreeRTOS/Source/tasks.o
 *fill*         0x0000baee        0x2 ff
 .rodata.__func__.17
                0x0000baf0       0x13 ./ra/aws/FreeRTOS/FreeRTOS/Source/tasks.o
 *fill*         0x0000bb03        0x1 ff
 .rodata.__func__.18
                0x0000bb04       0x13 ./ra/aws/FreeRTOS/FreeRTOS/Source/tasks.o
 *fill*         0x0000bb17        0x1 ff
 .rodata.__func__.22
                0x0000bb18        0xf ./ra/aws/FreeRTOS/FreeRTOS/Source/tasks.o
 *fill*         0x0000bb27        0x1 ff
 .rodata.__func__.23
                0x0000bb28       0x14 ./ra/aws/FreeRTOS/FreeRTOS/Source/tasks.o
 .rodata.__func__.26
                0x0000bb3c        0xc ./ra/aws/FreeRTOS/FreeRTOS/Source/tasks.o
 .rodata.__func__.29
                0x0000bb48        0xb ./ra/aws/FreeRTOS/FreeRTOS/Source/tasks.o
 *fill*         0x0000bb53        0x1 ff
 .rodata.__func__.32